#2026 05 18 21:08:12.407#Z#DEBUG#97838b23-52fd-11f1-a8e5-eeee0a8b5973.axon-odata-api-app#flowable-async-job-executor-thread-20418#
[PollStartAppStatusExecution] fbe7a60c-9d59-4646-9863-1fb8863709b6 [2026-05-18T21:02:31.972474] Updated app with guid fbe7a60c-9d59-4646-9863-1fb8863709b6 ({"lifecycle"=>{"data"=>{"buildpacks"=>[]}, "type"=>"buildpack"}}) (STDOUT, API)#
#2026 05 18 21:08:12.407#Z#DEBUG#97838b23-52fd-11f1-a8e5-eeee0a8b5973.axon-odata-api-app#flowable-async-job-executor-thread-20418#
[PollStartAppStatusExecution] fbe7a60c-9d59-4646-9863-1fb8863709b6 [2026-05-18T21:02:32.075861] Updating process: "web" (STDOUT, API)#
#2026 05 18 21:08:12.407#Z#DEBUG#97838b23-52fd-11f1-a8e5-eeee0a8b5973.axon-odata-api-app#flowable-async-job-executor-thread-20418#
[PollStartAppStatusExecution] fbe7a60c-9d59-4646-9863-1fb8863709b6 [2026-05-18T21:03:01.721621] Uploading app package for app with guid fbe7a60c-9d59-4646-9863-1fb8863709b6 (STDOUT, API)#
#2026 05 18 21:08:12.407#Z#DEBUG#97838b23-52fd-11f1-a8e5-eeee0a8b5973.axon-odata-api-app#flowable-async-job-executor-thread-20418#
[PollStartAppStatusExecution] fbe7a60c-9d59-4646-9863-1fb8863709b6 [2026-05-18T21:03:01.978903] Updated app with guid fbe7a60c-9d59-4646-9863-1fb8863709b6 ({"environment_variables"=>"[PRIVATE DATA HIDDEN]"}) (STDOUT, API)#
#2026 05 18 21:08:12.407#Z#DEBUG#97838b23-52fd-11f1-a8e5-eeee0a8b5973.axon-odata-api-app#flowable-async-job-executor-thread-20418#
[PollStartAppStatusExecution] fbe7a60c-9d59-4646-9863-1fb8863709b6 [2026-05-18T21:03:11.534232] Stopping app with guid fbe7a60c-9d59-4646-9863-1fb8863709b6 (STDOUT, API)#
#2026 05 18 21:08:12.407#Z#DEBUG#97838b23-52fd-11f1-a8e5-eeee0a8b5973.axon-odata-api-app#flowable-async-job-executor-thread-20418#
[PollStartAppStatusExecution] fbe7a60c-9d59-4646-9863-1fb8863709b6 [2026-05-18T21:03:11.570635] Cell c839c7b1-088e-41af-b9b7-66256aacd457 stopping instance a4c1c4cf-2eb7-41f8-6ecc-f8ee (STDOUT, CELL)#
#2026 05 18 21:08:12.407#Z#DEBUG#97838b23-52fd-11f1-a8e5-eeee0a8b5973.axon-odata-api-app#flowable-async-job-executor-thread-20418#
[PollStartAppStatusExecution] fbe7a60c-9d59-4646-9863-1fb8863709b6 [2026-05-18T21:03:11.742200] Creating build for app with guid fbe7a60c-9d59-4646-9863-1fb8863709b6 (STDOUT, API)#
#2026 05 18 21:08:12.407#Z#DEBUG#97838b23-52fd-11f1-a8e5-eeee0a8b5973.axon-odata-api-app#flowable-async-job-executor-thread-20418#
[PollStartAppStatusExecution] fbe7a60c-9d59-4646-9863-1fb8863709b6 [2026-05-18T21:03:13.231594] Downloading zero_trust_sidecar_buildpack_1_16... (STDOUT, STG)#
#2026 05 18 21:08:12.407#Z#DEBUG#97838b23-52fd-11f1-a8e5-eeee0a8b5973.axon-odata-api-app#flowable-async-job-executor-thread-20418#
[PollStartAppStatusExecution] fbe7a60c-9d59-4646-9863-1fb8863709b6 [2026-05-18T21:03:13.232356] Downloading staticfile_buildpack... (STDOUT, STG)#
#2026 05 18 21:08:12.407#Z#DEBUG#97838b23-52fd-11f1-a8e5-eeee0a8b5973.axon-odata-api-app#flowable-async-job-executor-thread-20418#
[PollStartAppStatusExecution] fbe7a60c-9d59-4646-9863-1fb8863709b6 [2026-05-18T21:03:13.232454] Downloading java_buildpack... (STDOUT, STG)#
#2026 05 18 21:08:12.407#Z#DEBUG#97838b23-52fd-11f1-a8e5-eeee0a8b5973.axon-odata-api-app#flowable-async-job-executor-thread-20418#
[PollStartAppStatusExecution] fbe7a60c-9d59-4646-9863-1fb8863709b6 [2026-05-18T21:03:13.251302] Downloading nodejs_buildpack... (STDOUT, STG)#
#2026 05 18 21:08:12.407#Z#DEBUG#97838b23-52fd-11f1-a8e5-eeee0a8b5973.axon-odata-api-app#flowable-async-job-executor-thread-20418#
[PollStartAppStatusExecution] fbe7a60c-9d59-4646-9863-1fb8863709b6 [2026-05-18T21:03:13.279377] Downloaded zero_trust_sidecar_buildpack_1_16 (STDOUT, STG)#
#2026 05 18 21:08:12.407#Z#DEBUG#97838b23-52fd-11f1-a8e5-eeee0a8b5973.axon-odata-api-app#flowable-async-job-executor-thread-20418#
[PollStartAppStatusExecution] fbe7a60c-9d59-4646-9863-1fb8863709b6 [2026-05-18T21:03:13.279430] Downloading go_buildpack... (STDOUT, STG)#
#2026 05 18 21:08:12.407#Z#DEBUG#97838b23-52fd-11f1-a8e5-eeee0a8b5973.axon-odata-api-app#flowable-async-job-executor-thread-20418#
[PollStartAppStatusExecution] fbe7a60c-9d59-4646-9863-1fb8863709b6 [2026-05-18T21:03:13.287452] Downloaded staticfile_buildpack (STDOUT, STG)#
#2026 05 18 21:08:12.407#Z#DEBUG#97838b23-52fd-11f1-a8e5-eeee0a8b5973.axon-odata-api-app#flowable-async-job-executor-thread-20418#
[PollStartAppStatusExecution] fbe7a60c-9d59-4646-9863-1fb8863709b6 [2026-05-18T21:03:13.287495] Downloading python_buildpack... (STDOUT, STG)#
#2026 05 18 21:08:12.407#Z#DEBUG#97838b23-52fd-11f1-a8e5-eeee0a8b5973.axon-odata-api-app#flowable-async-job-executor-thread-20418#
[PollStartAppStatusExecution] fbe7a60c-9d59-4646-9863-1fb8863709b6 [2026-05-18T21:03:13.288056] Downloaded java_buildpack (STDOUT, STG)#
#2026 05 18 21:08:12.407#Z#DEBUG#97838b23-52fd-11f1-a8e5-eeee0a8b5973.axon-odata-api-app#flowable-async-job-executor-thread-20418#
[PollStartAppStatusExecution] fbe7a60c-9d59-4646-9863-1fb8863709b6 [2026-05-18T21:03:13.288094] Downloading php_buildpack... (STDOUT, STG)#
#2026 05 18 21:08:12.407#Z#DEBUG#97838b23-52fd-11f1-a8e5-eeee0a8b5973.axon-odata-api-app#flowable-async-job-executor-thread-20418#
[PollStartAppStatusExecution] fbe7a60c-9d59-4646-9863-1fb8863709b6 [2026-05-18T21:03:13.291764] Downloaded nodejs_buildpack (STDOUT, STG)#
#2026 05 18 21:08:12.407#Z#DEBUG#97838b23-52fd-11f1-a8e5-eeee0a8b5973.axon-odata-api-app#flowable-async-job-executor-thread-20418#
[PollStartAppStatusExecution] fbe7a60c-9d59-4646-9863-1fb8863709b6 [2026-05-18T21:03:13.291793] Downloading nginx_buildpack... (STDOUT, STG)#
#2026 05 18 21:08:12.407#Z#DEBUG#97838b23-52fd-11f1-a8e5-eeee0a8b5973.axon-odata-api-app#flowable-async-job-executor-thread-20418#
[PollStartAppStatusExecution] fbe7a60c-9d59-4646-9863-1fb8863709b6 [2026-05-18T21:03:13.310347] Downloaded php_buildpack (STDOUT, STG)#
#2026 05 18 21:08:12.407#Z#DEBUG#97838b23-52fd-11f1-a8e5-eeee0a8b5973.axon-odata-api-app#flowable-async-job-executor-thread-20418#
[PollStartAppStatusExecution] fbe7a60c-9d59-4646-9863-1fb8863709b6 [2026-05-18T21:03:13.310392] Downloading binary_buildpack... (STDOUT, STG)#
#2026 05 18 21:08:12.407#Z#DEBUG#97838b23-52fd-11f1-a8e5-eeee0a8b5973.axon-odata-api-app#flowable-async-job-executor-thread-20418#
[PollStartAppStatusExecution] fbe7a60c-9d59-4646-9863-1fb8863709b6 [2026-05-18T21:03:13.311137] Downloaded python_buildpack (STDOUT, STG)#
#2026 05 18 21:08:12.407#Z#DEBUG#97838b23-52fd-11f1-a8e5-eeee0a8b5973.axon-odata-api-app#flowable-async-job-executor-thread-20418#
[PollStartAppStatusExecution] fbe7a60c-9d59-4646-9863-1fb8863709b6 [2026-05-18T21:03:13.311159] Downloading sap_java_buildpack_jakarta... (STDOUT, STG)#
#2026 05 18 21:08:12.407#Z#DEBUG#97838b23-52fd-11f1-a8e5-eeee0a8b5973.axon-odata-api-app#flowable-async-job-executor-thread-20418#
[PollStartAppStatusExecution] fbe7a60c-9d59-4646-9863-1fb8863709b6 [2026-05-18T21:03:13.323399] Downloaded go_buildpack (STDOUT, STG)#
#2026 05 18 21:08:12.407#Z#DEBUG#97838b23-52fd-11f1-a8e5-eeee0a8b5973.axon-odata-api-app#flowable-async-job-executor-thread-20418#
[PollStartAppStatusExecution] fbe7a60c-9d59-4646-9863-1fb8863709b6 [2026-05-18T21:03:13.323432] Downloading sap_java_buildpack_jakarta_2_58... (STDOUT, STG)#
#2026 05 18 21:08:12.407#Z#DEBUG#97838b23-52fd-11f1-a8e5-eeee0a8b5973.axon-odata-api-app#flowable-async-job-executor-thread-20418#
[PollStartAppStatusExecution] fbe7a60c-9d59-4646-9863-1fb8863709b6 [2026-05-18T21:03:13.334629] Downloaded sap_java_buildpack_jakarta (STDOUT, STG)#
#2026 05 18 21:08:12.407#Z#DEBUG#97838b23-52fd-11f1-a8e5-eeee0a8b5973.axon-odata-api-app#flowable-async-job-executor-thread-20418#
[PollStartAppStatusExecution] fbe7a60c-9d59-4646-9863-1fb8863709b6 [2026-05-18T21:03:13.334661] Downloading sap_java_buildpack_jakarta_2_56... (STDOUT, STG)#
#2026 05 18 21:08:12.407#Z#DEBUG#97838b23-52fd-11f1-a8e5-eeee0a8b5973.axon-odata-api-app#flowable-async-job-executor-thread-20418#
[PollStartAppStatusExecution] fbe7a60c-9d59-4646-9863-1fb8863709b6 [2026-05-18T21:03:13.340125] Downloaded nginx_buildpack (STDOUT, STG)#
#2026 05 18 21:08:12.407#Z#DEBUG#97838b23-52fd-11f1-a8e5-eeee0a8b5973.axon-odata-api-app#flowable-async-job-executor-thread-20418#
[PollStartAppStatusExecution] fbe7a60c-9d59-4646-9863-1fb8863709b6 [2026-05-18T21:03:13.340177] Downloading sap_java_buildpack_jakarta_2_55... (STDOUT, STG)#
#2026 05 18 21:08:12.407#Z#DEBUG#97838b23-52fd-11f1-a8e5-eeee0a8b5973.axon-odata-api-app#flowable-async-job-executor-thread-20418#
[PollStartAppStatusExecution] fbe7a60c-9d59-4646-9863-1fb8863709b6 [2026-05-18T21:03:13.352069] Downloaded sap_java_buildpack_jakarta_2_58 (STDOUT, STG)#
#2026 05 18 21:08:12.407#Z#DEBUG#97838b23-52fd-11f1-a8e5-eeee0a8b5973.axon-odata-api-app#flowable-async-job-executor-thread-20418#
[PollStartAppStatusExecution] fbe7a60c-9d59-4646-9863-1fb8863709b6 [2026-05-18T21:03:13.352101] Downloading sap_java_buildpack_jakarta_2_53... (STDOUT, STG)#
#2026 05 18 21:08:12.407#Z#DEBUG#97838b23-52fd-11f1-a8e5-eeee0a8b5973.axon-odata-api-app#flowable-async-job-executor-thread-20418#
[PollStartAppStatusExecution] fbe7a60c-9d59-4646-9863-1fb8863709b6 [2026-05-18T21:03:13.356414] Downloaded binary_buildpack (STDOUT, STG)#
#2026 05 18 21:08:12.407#Z#DEBUG#97838b23-52fd-11f1-a8e5-eeee0a8b5973.axon-odata-api-app#flowable-async-job-executor-thread-20418#
[PollStartAppStatusExecution] fbe7a60c-9d59-4646-9863-1fb8863709b6 [2026-05-18T21:03:13.356449] Downloading zero_trust_sidecar_buildpack_1_14... (STDOUT, STG)#
#2026 05 18 21:08:12.407#Z#DEBUG#97838b23-52fd-11f1-a8e5-eeee0a8b5973.axon-odata-api-app#flowable-async-job-executor-thread-20418#
[PollStartAppStatusExecution] fbe7a60c-9d59-4646-9863-1fb8863709b6 [2026-05-18T21:03:13.367361] Downloaded sap_java_buildpack_jakarta_2_55 (STDOUT, STG)#
#2026 05 18 21:08:12.407#Z#DEBUG#97838b23-52fd-11f1-a8e5-eeee0a8b5973.axon-odata-api-app#flowable-async-job-executor-thread-20418#
[PollStartAppStatusExecution] fbe7a60c-9d59-4646-9863-1fb8863709b6 [2026-05-18T21:03:13.367404] Downloading zero_trust_sidecar_buildpack_1_15... (STDOUT, STG)#
#2026 05 18 21:08:12.407#Z#DEBUG#97838b23-52fd-11f1-a8e5-eeee0a8b5973.axon-odata-api-app#flowable-async-job-executor-thread-20418#
[PollStartAppStatusExecution] fbe7a60c-9d59-4646-9863-1fb8863709b6 [2026-05-18T21:03:13.375324] Downloaded zero_trust_sidecar_buildpack_1_14 (STDOUT, STG)#
#2026 05 18 21:08:12.407#Z#DEBUG#97838b23-52fd-11f1-a8e5-eeee0a8b5973.axon-odata-api-app#flowable-async-job-executor-thread-20418#
[PollStartAppStatusExecution] fbe7a60c-9d59-4646-9863-1fb8863709b6 [2026-05-18T21:03:13.375372] Downloading zero_trust_sidecar_buildpack... (STDOUT, STG)#
#2026 05 18 21:08:12.407#Z#DEBUG#97838b23-52fd-11f1-a8e5-eeee0a8b5973.axon-odata-api-app#flowable-async-job-executor-thread-20418#
[PollStartAppStatusExecution] fbe7a60c-9d59-4646-9863-1fb8863709b6 [2026-05-18T21:03:13.413258] Downloaded zero_trust_sidecar_buildpack (STDOUT, STG)#
#2026 05 18 21:08:12.407#Z#DEBUG#97838b23-52fd-11f1-a8e5-eeee0a8b5973.axon-odata-api-app#flowable-async-job-executor-thread-20418#
[PollStartAppStatusExecution] fbe7a60c-9d59-4646-9863-1fb8863709b6 [2026-05-18T21:03:13.413326] Downloaded zero_trust_sidecar_buildpack_1_15 (STDOUT, STG)#
#2026 05 18 21:08:12.407#Z#DEBUG#97838b23-52fd-11f1-a8e5-eeee0a8b5973.axon-odata-api-app#flowable-async-job-executor-thread-20418#
[PollStartAppStatusExecution] fbe7a60c-9d59-4646-9863-1fb8863709b6 [2026-05-18T21:03:13.435454] Downloaded sap_java_buildpack_jakarta_2_53 (STDOUT, STG)#
#2026 05 18 21:08:12.407#Z#DEBUG#97838b23-52fd-11f1-a8e5-eeee0a8b5973.axon-odata-api-app#flowable-async-job-executor-thread-20418#
[PollStartAppStatusExecution] fbe7a60c-9d59-4646-9863-1fb8863709b6 [2026-05-18T21:03:13.439363] Downloaded sap_java_buildpack_jakarta_2_56 (STDOUT, STG)#
#2026 05 18 21:08:12.407#Z#DEBUG#97838b23-52fd-11f1-a8e5-eeee0a8b5973.axon-odata-api-app#flowable-async-job-executor-thread-20418#
[PollStartAppStatusExecution] fbe7a60c-9d59-4646-9863-1fb8863709b6 [2026-05-18T21:03:13.439458] Cell 684caff8-89cd-492b-be01-b3d0835f1763 creating container for instance 94d5e44b-9dbf-4336-8128-9b92f35ed746 (STDOUT, STG)#
#2026 05 18 21:08:12.407#Z#DEBUG#97838b23-52fd-11f1-a8e5-eeee0a8b5973.axon-odata-api-app#flowable-async-job-executor-thread-20418#
[PollStartAppStatusExecution] fbe7a60c-9d59-4646-9863-1fb8863709b6 [2026-05-18T21:03:14.307499] Security group rules were updated (STDOUT, STG)#
#2026 05 18 21:08:12.407#Z#DEBUG#97838b23-52fd-11f1-a8e5-eeee0a8b5973.axon-odata-api-app#flowable-async-job-executor-thread-20418#
[PollStartAppStatusExecution] fbe7a60c-9d59-4646-9863-1fb8863709b6 [2026-05-18T21:03:14.412839] Cell 684caff8-89cd-492b-be01-b3d0835f1763 successfully created container for instance 94d5e44b-9dbf-4336-8128-9b92f35ed746 (STDOUT, STG)#
#2026 05 18 21:08:12.407#Z#DEBUG#97838b23-52fd-11f1-a8e5-eeee0a8b5973.axon-odata-api-app#flowable-async-job-executor-thread-20418#
[PollStartAppStatusExecution] fbe7a60c-9d59-4646-9863-1fb8863709b6 [2026-05-18T21:03:15.137004] Downloading app package... (STDOUT, STG)#
#2026 05 18 21:08:12.407#Z#DEBUG#97838b23-52fd-11f1-a8e5-eeee0a8b5973.axon-odata-api-app#flowable-async-job-executor-thread-20418#
[PollStartAppStatusExecution] fbe7a60c-9d59-4646-9863-1fb8863709b6 [2026-05-18T21:03:15.137663] Downloading build artifacts cache... (STDOUT, STG)#
#2026 05 18 21:08:12.407#Z#DEBUG#97838b23-52fd-11f1-a8e5-eeee0a8b5973.axon-odata-api-app#flowable-async-job-executor-thread-20418#
[PollStartAppStatusExecution] fbe7a60c-9d59-4646-9863-1fb8863709b6 [2026-05-18T21:03:15.221332] Downloaded build artifacts cache (224B) (STDOUT, STG)#
#2026 05 18 21:08:12.407#Z#DEBUG#97838b23-52fd-11f1-a8e5-eeee0a8b5973.axon-odata-api-app#flowable-async-job-executor-thread-20418#
[PollStartAppStatusExecution] fbe7a60c-9d59-4646-9863-1fb8863709b6 [2026-05-18T21:03:16.427459] Downloaded app package (7.1M) (STDOUT, STG)#
#2026 05 18 21:08:12.407#Z#DEBUG#97838b23-52fd-11f1-a8e5-eeee0a8b5973.axon-odata-api-app#flowable-async-job-executor-thread-20418#
[PollStartAppStatusExecution] fbe7a60c-9d59-4646-9863-1fb8863709b6 [2026-05-18T21:03:17.255214] -----> Nodejs Buildpack version 1.8.44 (STDOUT, STG)#
#2026 05 18 21:08:12.407#Z#DEBUG#97838b23-52fd-11f1-a8e5-eeee0a8b5973.axon-odata-api-app#flowable-async-job-executor-thread-20418#
[PollStartAppStatusExecution] fbe7a60c-9d59-4646-9863-1fb8863709b6 [2026-05-18T21:03:17.922596] -----> Bootstrapping python (STDOUT, STG)#
#2026 05 18 21:08:12.407#Z#DEBUG#97838b23-52fd-11f1-a8e5-eeee0a8b5973.axon-odata-api-app#flowable-async-job-executor-thread-20418#
[PollStartAppStatusExecution] fbe7a60c-9d59-4646-9863-1fb8863709b6 [2026-05-18T21:03:17.922631] -----> Installing python 3.11.14 (STDOUT, STG)#
#2026 05 18 21:08:12.407#Z#DEBUG#97838b23-52fd-11f1-a8e5-eeee0a8b5973.axon-odata-api-app#flowable-async-job-executor-thread-20418#
[PollStartAppStatusExecution] fbe7a60c-9d59-4646-9863-1fb8863709b6 [2026-05-18T21:03:17.922993] Copy [/tmp/buildpacks/978cee5ec9c58000/dependencies/b5e0345ae0ae1932e7d56fffaa49a487/python_3.11.14_linux_x64_cflinuxfs4_66f53248.tgz] (STDOUT, STG)#
#2026 05 18 21:08:12.407#Z#DEBUG#97838b23-52fd-11f1-a8e5-eeee0a8b5973.axon-odata-api-app#flowable-async-job-executor-thread-20418#
[PollStartAppStatusExecution] fbe7a60c-9d59-4646-9863-1fb8863709b6 [2026-05-18T21:03:22.469137] -----> Installing binaries (STDOUT, STG)#
#2026 05 18 21:08:12.407#Z#DEBUG#97838b23-52fd-11f1-a8e5-eeee0a8b5973.axon-odata-api-app#flowable-async-job-executor-thread-20418#
[PollStartAppStatusExecution] fbe7a60c-9d59-4646-9863-1fb8863709b6 [2026-05-18T21:03:22.469410] engines.node (package.json): >=20 (STDOUT, STG)#
#2026 05 18 21:08:12.407#Z#DEBUG#97838b23-52fd-11f1-a8e5-eeee0a8b5973.axon-odata-api-app#flowable-async-job-executor-thread-20418#
[PollStartAppStatusExecution] fbe7a60c-9d59-4646-9863-1fb8863709b6 [2026-05-18T21:03:22.469433] engines.npm (package.json): unspecified (use default) (STDOUT, STG)#
#2026 05 18 21:08:12.407#Z#DEBUG#97838b23-52fd-11f1-a8e5-eeee0a8b5973.axon-odata-api-app#flowable-async-job-executor-thread-20418#
[PollStartAppStatusExecution] fbe7a60c-9d59-4646-9863-1fb8863709b6 [2026-05-18T21:03:22.469470] [31;1m**WARNING**[0m Dangerous semver range (>) in engines.node. See: http://docs.cloudfoundry.org/buildpacks/node/node-tips.html (STDOUT, STG)#
#2026 05 18 21:08:12.407#Z#DEBUG#97838b23-52fd-11f1-a8e5-eeee0a8b5973.axon-odata-api-app#flowable-async-job-executor-thread-20418#
[PollStartAppStatusExecution] fbe7a60c-9d59-4646-9863-1fb8863709b6 [2026-05-18T21:03:22.469624] -----> Installing node 24.13.0 (STDOUT, STG)#
#2026 05 18 21:08:12.407#Z#DEBUG#97838b23-52fd-11f1-a8e5-eeee0a8b5973.axon-odata-api-app#flowable-async-job-executor-thread-20418#
[PollStartAppStatusExecution] fbe7a60c-9d59-4646-9863-1fb8863709b6 [2026-05-18T21:03:22.469939] Copy [/tmp/buildpacks/978cee5ec9c58000/dependencies/2f5692219fecc3eee6e6d507a6bfe7b9/node_24.13.0_linux_x64_cflinuxfs4_a816dee1.tgz] (STDOUT, STG)#
#2026 05 18 21:08:12.407#Z#DEBUG#97838b23-52fd-11f1-a8e5-eeee0a8b5973.axon-odata-api-app#flowable-async-job-executor-thread-20418#
[PollStartAppStatusExecution] fbe7a60c-9d59-4646-9863-1fb8863709b6 [2026-05-18T21:03:25.285735] Using default npm version: 11.6.2 (STDOUT, STG)#
#2026 05 18 21:08:12.407#Z#DEBUG#97838b23-52fd-11f1-a8e5-eeee0a8b5973.axon-odata-api-app#flowable-async-job-executor-thread-20418#
[PollStartAppStatusExecution] fbe7a60c-9d59-4646-9863-1fb8863709b6 [2026-05-18T21:03:25.285761] -----> Installing yarn 1.22.22 (STDOUT, STG)#
#2026 05 18 21:08:12.407#Z#DEBUG#97838b23-52fd-11f1-a8e5-eeee0a8b5973.axon-odata-api-app#flowable-async-job-executor-thread-20418#
[PollStartAppStatusExecution] fbe7a60c-9d59-4646-9863-1fb8863709b6 [2026-05-18T21:03:25.285853] Copy [/tmp/buildpacks/978cee5ec9c58000/dependencies/e3a39aedd1236924d69cc2d0637a8ed2/yarn_1.22.22_linux_noarch_any-stack_4911d0a6.tgz] (STDOUT, STG)#
#2026 05 18 21:08:12.407#Z#DEBUG#97838b23-52fd-11f1-a8e5-eeee0a8b5973.axon-odata-api-app#flowable-async-job-executor-thread-20418#
[PollStartAppStatusExecution] fbe7a60c-9d59-4646-9863-1fb8863709b6 [2026-05-18T21:03:25.683419] Installed yarn 1.22.22 (STDOUT, STG)#
#2026 05 18 21:08:12.407#Z#DEBUG#97838b23-52fd-11f1-a8e5-eeee0a8b5973.axon-odata-api-app#flowable-async-job-executor-thread-20418#
[PollStartAppStatusExecution] fbe7a60c-9d59-4646-9863-1fb8863709b6 [2026-05-18T21:03:25.683442] -----> Creating runtime environment (STDOUT, STG)#
#2026 05 18 21:08:12.407#Z#DEBUG#97838b23-52fd-11f1-a8e5-eeee0a8b5973.axon-odata-api-app#flowable-async-job-executor-thread-20418#
[PollStartAppStatusExecution] fbe7a60c-9d59-4646-9863-1fb8863709b6 [2026-05-18T21:03:25.685367] NODE_ENV=production (STDOUT, STG)#
#2026 05 18 21:08:12.407#Z#DEBUG#97838b23-52fd-11f1-a8e5-eeee0a8b5973.axon-odata-api-app#flowable-async-job-executor-thread-20418#
[PollStartAppStatusExecution] fbe7a60c-9d59-4646-9863-1fb8863709b6 [2026-05-18T21:03:25.685380] NODE_HOME=/tmp/contents3012303026/deps/0/node (STDOUT, STG)#
#2026 05 18 21:08:12.407#Z#DEBUG#97838b23-52fd-11f1-a8e5-eeee0a8b5973.axon-odata-api-app#flowable-async-job-executor-thread-20418#
[PollStartAppStatusExecution] fbe7a60c-9d59-4646-9863-1fb8863709b6 [2026-05-18T21:03:25.685383] NODE_MODULES_CACHE=true (STDOUT, STG)#
#2026 05 18 21:08:12.407#Z#DEBUG#97838b23-52fd-11f1-a8e5-eeee0a8b5973.axon-odata-api-app#flowable-async-job-executor-thread-20418#
[PollStartAppStatusExecution] fbe7a60c-9d59-4646-9863-1fb8863709b6 [2026-05-18T21:03:25.685386] NODE_VERBOSE=false (STDOUT, STG)#
#2026 05 18 21:08:12.407#Z#DEBUG#97838b23-52fd-11f1-a8e5-eeee0a8b5973.axon-odata-api-app#flowable-async-job-executor-thread-20418#
[PollStartAppStatusExecution] fbe7a60c-9d59-4646-9863-1fb8863709b6 [2026-05-18T21:03:25.685388] NPM_CONFIG_LOGLEVEL=error (STDOUT, STG)#
#2026 05 18 21:08:12.407#Z#DEBUG#97838b23-52fd-11f1-a8e5-eeee0a8b5973.axon-odata-api-app#flowable-async-job-executor-thread-20418#
[PollStartAppStatusExecution] fbe7a60c-9d59-4646-9863-1fb8863709b6 [2026-05-18T21:03:25.685392] NPM_CONFIG_PRODUCTION=true (STDOUT, STG)#
#2026 05 18 21:08:12.407#Z#DEBUG#97838b23-52fd-11f1-a8e5-eeee0a8b5973.axon-odata-api-app#flowable-async-job-executor-thread-20418#
[PollStartAppStatusExecution] fbe7a60c-9d59-4646-9863-1fb8863709b6 [2026-05-18T21:03:25.685395] -----> Building dependencies (STDOUT, STG)#
#2026 05 18 21:08:12.407#Z#DEBUG#97838b23-52fd-11f1-a8e5-eeee0a8b5973.axon-odata-api-app#flowable-async-job-executor-thread-20418#
[PollStartAppStatusExecution] fbe7a60c-9d59-4646-9863-1fb8863709b6 [2026-05-18T21:03:25.685400] Prebuild detected (node_modules already exists) (STDOUT, STG)#
#2026 05 18 21:08:12.407#Z#DEBUG#97838b23-52fd-11f1-a8e5-eeee0a8b5973.axon-odata-api-app#flowable-async-job-executor-thread-20418#
[PollStartAppStatusExecution] fbe7a60c-9d59-4646-9863-1fb8863709b6 [2026-05-18T21:03:25.685415] Rebuilding any native modules (STDOUT, STG)#
#2026 05 18 21:08:12.407#Z#DEBUG#97838b23-52fd-11f1-a8e5-eeee0a8b5973.axon-odata-api-app#flowable-async-job-executor-thread-20418#
[PollStartAppStatusExecution] fbe7a60c-9d59-4646-9863-1fb8863709b6 [2026-05-18T21:03:26.608423] rebuilt dependencies successfully (STDOUT, STG)#
#2026 05 18 21:08:12.407#Z#DEBUG#97838b23-52fd-11f1-a8e5-eeee0a8b5973.axon-odata-api-app#flowable-async-job-executor-thread-20418#
[PollStartAppStatusExecution] fbe7a60c-9d59-4646-9863-1fb8863709b6 [2026-05-18T21:03:26.610114] npm notice (STDOUT, STG)#
#2026 05 18 21:08:12.407#Z#DEBUG#97838b23-52fd-11f1-a8e5-eeee0a8b5973.axon-odata-api-app#flowable-async-job-executor-thread-20418#
[PollStartAppStatusExecution] fbe7a60c-9d59-4646-9863-1fb8863709b6 [2026-05-18T21:03:26.610133] npm notice New minor version of npm available! 11.6.2 -> 11.14.1 (STDOUT, STG)#
#2026 05 18 21:08:12.407#Z#DEBUG#97838b23-52fd-11f1-a8e5-eeee0a8b5973.axon-odata-api-app#flowable-async-job-executor-thread-20418#
[PollStartAppStatusExecution] fbe7a60c-9d59-4646-9863-1fb8863709b6 [2026-05-18T21:03:26.610137] npm notice Changelog: https://github.com/npm/cli/releases/tag/v11.14.1 (STDOUT, STG)#
#2026 05 18 21:08:12.407#Z#DEBUG#97838b23-52fd-11f1-a8e5-eeee0a8b5973.axon-odata-api-app#flowable-async-job-executor-thread-20418#
[PollStartAppStatusExecution] fbe7a60c-9d59-4646-9863-1fb8863709b6 [2026-05-18T21:03:26.610140] npm notice To update run: npm install -g npm@11.14.1 (STDOUT, STG)#
#2026 05 18 21:08:12.407#Z#DEBUG#97838b23-52fd-11f1-a8e5-eeee0a8b5973.axon-odata-api-app#flowable-async-job-executor-thread-20418#
[PollStartAppStatusExecution] fbe7a60c-9d59-4646-9863-1fb8863709b6 [2026-05-18T21:03:26.610142] npm notice (STDOUT, STG)#
#2026 05 18 21:08:12.407#Z#DEBUG#97838b23-52fd-11f1-a8e5-eeee0a8b5973.axon-odata-api-app#flowable-async-job-executor-thread-20418#
[PollStartAppStatusExecution] fbe7a60c-9d59-4646-9863-1fb8863709b6 [2026-05-18T21:03:26.689547] Installing any new modules (package.json + package-lock.json) (STDOUT, STG)#
#2026 05 18 21:08:12.407#Z#DEBUG#97838b23-52fd-11f1-a8e5-eeee0a8b5973.axon-odata-api-app#flowable-async-job-executor-thread-20418#
[PollStartAppStatusExecution] fbe7a60c-9d59-4646-9863-1fb8863709b6 [2026-05-18T21:03:27.474116] up to date in 702ms (STDOUT, STG)#
#2026 05 18 21:08:12.407#Z#DEBUG#97838b23-52fd-11f1-a8e5-eeee0a8b5973.axon-odata-api-app#flowable-async-job-executor-thread-20418#
[PollStartAppStatusExecution] fbe7a60c-9d59-4646-9863-1fb8863709b6 [2026-05-18T21:03:27.474295] 32 packages are looking for funding (STDOUT, STG)#
#2026 05 18 21:08:12.407#Z#DEBUG#97838b23-52fd-11f1-a8e5-eeee0a8b5973.axon-odata-api-app#flowable-async-job-executor-thread-20418#
[PollStartAppStatusExecution] fbe7a60c-9d59-4646-9863-1fb8863709b6 [2026-05-18T21:03:27.474326] run `npm fund` for details (STDOUT, STG)#
#2026 05 18 21:08:12.407#Z#DEBUG#97838b23-52fd-11f1-a8e5-eeee0a8b5973.axon-odata-api-app#flowable-async-job-executor-thread-20418#
[PollStartAppStatusExecution] fbe7a60c-9d59-4646-9863-1fb8863709b6 [2026-05-18T21:03:28.571713] Contrast Security no credentials found. Will not write environment files. (STDOUT, STG)#
#2026 05 18 21:08:12.407#Z#DEBUG#97838b23-52fd-11f1-a8e5-eeee0a8b5973.axon-odata-api-app#flowable-async-job-executor-thread-20418#
[PollStartAppStatusExecution] fbe7a60c-9d59-4646-9863-1fb8863709b6 [2026-05-18T21:03:39.805993] Exit status 0 (STDOUT, STG)#
#2026 05 18 21:08:12.407#Z#DEBUG#97838b23-52fd-11f1-a8e5-eeee0a8b5973.axon-odata-api-app#flowable-async-job-executor-thread-20418#
[PollStartAppStatusExecution] fbe7a60c-9d59-4646-9863-1fb8863709b6 [2026-05-18T21:03:39.806040] Uploading droplet, build artifacts cache... (STDOUT, STG)#
#2026 05 18 21:08:12.407#Z#DEBUG#97838b23-52fd-11f1-a8e5-eeee0a8b5973.axon-odata-api-app#flowable-async-job-executor-thread-20418#
[PollStartAppStatusExecution] fbe7a60c-9d59-4646-9863-1fb8863709b6 [2026-05-18T21:03:39.806083] Uploading droplet... (STDOUT, STG)#
#2026 05 18 21:08:12.407#Z#DEBUG#97838b23-52fd-11f1-a8e5-eeee0a8b5973.axon-odata-api-app#flowable-async-job-executor-thread-20418#
[PollStartAppStatusExecution] fbe7a60c-9d59-4646-9863-1fb8863709b6 [2026-05-18T21:03:39.806401] Uploading build artifacts cache... (STDOUT, STG)#
#2026 05 18 21:08:12.407#Z#DEBUG#97838b23-52fd-11f1-a8e5-eeee0a8b5973.axon-odata-api-app#flowable-async-job-executor-thread-20418#
[PollStartAppStatusExecution] fbe7a60c-9d59-4646-9863-1fb8863709b6 [2026-05-18T21:03:39.846577] Uploaded build artifacts cache (226B) (STDOUT, STG)#
#2026 05 18 21:08:12.407#Z#DEBUG#97838b23-52fd-11f1-a8e5-eeee0a8b5973.axon-odata-api-app#flowable-async-job-executor-thread-20418#
[PollStartAppStatusExecution] fbe7a60c-9d59-4646-9863-1fb8863709b6 [2026-05-18T21:03:40.522975] Creating droplet for app with guid fbe7a60c-9d59-4646-9863-1fb8863709b6 (STDOUT, API)#
#2026 05 18 21:08:12.407#Z#DEBUG#97838b23-52fd-11f1-a8e5-eeee0a8b5973.axon-odata-api-app#flowable-async-job-executor-thread-20418#
[PollStartAppStatusExecution] fbe7a60c-9d59-4646-9863-1fb8863709b6 [2026-05-18T21:03:44.593019] Uploaded droplet (61.6M) (STDOUT, STG)#
#2026 05 18 21:08:12.407#Z#DEBUG#97838b23-52fd-11f1-a8e5-eeee0a8b5973.axon-odata-api-app#flowable-async-job-executor-thread-20418#
[PollStartAppStatusExecution] fbe7a60c-9d59-4646-9863-1fb8863709b6 [2026-05-18T21:03:44.617811] Uploading complete (STDOUT, STG)#
#2026 05 18 21:08:12.407#Z#DEBUG#97838b23-52fd-11f1-a8e5-eeee0a8b5973.axon-odata-api-app#flowable-async-job-executor-thread-20418#
[PollStartAppStatusExecution] fbe7a60c-9d59-4646-9863-1fb8863709b6 [2026-05-18T21:03:44.870668] Cell 684caff8-89cd-492b-be01-b3d0835f1763 stopping instance 94d5e44b-9dbf-4336-8128-9b92f35ed746 (STDOUT, STG)#
#2026 05 18 21:08:12.407#Z#DEBUG#97838b23-52fd-11f1-a8e5-eeee0a8b5973.axon-odata-api-app#flowable-async-job-executor-thread-20418#
[PollStartAppStatusExecution] fbe7a60c-9d59-4646-9863-1fb8863709b6 [2026-05-18T21:03:44.870706] Cell 684caff8-89cd-492b-be01-b3d0835f1763 destroying container for instance 94d5e44b-9dbf-4336-8128-9b92f35ed746 (STDOUT, STG)#
#2026 05 18 21:08:12.407#Z#DEBUG#97838b23-52fd-11f1-a8e5-eeee0a8b5973.axon-odata-api-app#flowable-async-job-executor-thread-20418#
[PollStartAppStatusExecution] fbe7a60c-9d59-4646-9863-1fb8863709b6 [2026-05-18T21:03:44.933458] Staging complete for build 94d5e44b-9dbf-4336-8128-9b92f35ed746 (STDOUT, API)#
#2026 05 18 21:08:12.407#Z#DEBUG#97838b23-52fd-11f1-a8e5-eeee0a8b5973.axon-odata-api-app#flowable-async-job-executor-thread-20418#
[PollStartAppStatusExecution] fbe7a60c-9d59-4646-9863-1fb8863709b6 [2026-05-18T21:03:48.632048] Cell 684caff8-89cd-492b-be01-b3d0835f1763 successfully destroyed container for instance 94d5e44b-9dbf-4336-8128-9b92f35ed746 (STDOUT, STG)#
#2026 05 18 21:08:12.407#Z#DEBUG#97838b23-52fd-11f1-a8e5-eeee0a8b5973.axon-odata-api-app#flowable-async-job-executor-thread-20418#
[PollStartAppStatusExecution] fbe7a60c-9d59-4646-9863-1fb8863709b6 [2026-05-18T21:03:51.440380] Updated app with guid fbe7a60c-9d59-4646-9863-1fb8863709b6 ({:droplet_guid=>"652904cd-5408-4760-ac90-7fc7224ee340"}) (STDOUT, API)#
#2026 05 18 21:08:12.407#Z#DEBUG#97838b23-52fd-11f1-a8e5-eeee0a8b5973.axon-odata-api-app#flowable-async-job-executor-thread-20418#
[PollStartAppStatusExecution] fbe7a60c-9d59-4646-9863-1fb8863709b6 [2026-05-18T21:03:51.630955] Creating revision for app with guid fbe7a60c-9d59-4646-9863-1fb8863709b6 (STDOUT, API)#
#2026 05 18 21:08:12.407#Z#DEBUG#97838b23-52fd-11f1-a8e5-eeee0a8b5973.axon-odata-api-app#flowable-async-job-executor-thread-20418#
[PollStartAppStatusExecution] fbe7a60c-9d59-4646-9863-1fb8863709b6 [2026-05-18T21:03:51.663952] Starting app with guid fbe7a60c-9d59-4646-9863-1fb8863709b6 (STDOUT, API)#
#2026 05 18 21:08:12.407#Z#DEBUG#97838b23-52fd-11f1-a8e5-eeee0a8b5973.axon-odata-api-app#flowable-async-job-executor-thread-20418#
[PollStartAppStatusExecution] fbe7a60c-9d59-4646-9863-1fb8863709b6 [2026-05-18T21:03:51.891930] Cell d1cc041a-d5a1-41d6-b9f6-6cda736ce3f0 creating container for instance 6d3c2127-00ad-4253-70dd-44a0 (STDOUT, CELL)#
#2026 05 18 21:08:12.407#Z#DEBUG#97838b23-52fd-11f1-a8e5-eeee0a8b5973.axon-odata-api-app#flowable-async-job-executor-thread-20418#
[PollStartAppStatusExecution] fbe7a60c-9d59-4646-9863-1fb8863709b6 [2026-05-18T21:03:52.850207] Security group rules were updated (STDOUT, CELL)#
#2026 05 18 21:08:12.407#Z#DEBUG#97838b23-52fd-11f1-a8e5-eeee0a8b5973.axon-odata-api-app#flowable-async-job-executor-thread-20418#
[PollStartAppStatusExecution] fbe7a60c-9d59-4646-9863-1fb8863709b6 [2026-05-18T21:03:52.959672] Cell d1cc041a-d5a1-41d6-b9f6-6cda736ce3f0 successfully created container for instance 6d3c2127-00ad-4253-70dd-44a0 (STDOUT, CELL)#
#2026 05 18 21:08:12.407#Z#DEBUG#97838b23-52fd-11f1-a8e5-eeee0a8b5973.axon-odata-api-app#flowable-async-job-executor-thread-20418#
[PollStartAppStatusExecution] fbe7a60c-9d59-4646-9863-1fb8863709b6 [2026-05-18T21:03:53.572759] Downloading droplet... (STDOUT, CELL)#
#2026 05 18 21:08:12.407#Z#DEBUG#97838b23-52fd-11f1-a8e5-eeee0a8b5973.axon-odata-api-app#flowable-async-job-executor-thread-20418#
[PollStartAppStatusExecution] fbe7a60c-9d59-4646-9863-1fb8863709b6 [2026-05-18T21:03:58.621771] Downloaded droplet (61.6M) (STDOUT, CELL)#
#2026 05 18 21:08:12.407#Z#DEBUG#97838b23-52fd-11f1-a8e5-eeee0a8b5973.axon-odata-api-app#flowable-async-job-executor-thread-20418#
[PollStartAppStatusExecution] fbe7a60c-9d59-4646-9863-1fb8863709b6 [2026-05-18T21:03:58.622030] Starting health monitoring of container (STDOUT, CELL)#
#2026 05 18 21:08:12.407#Z#DEBUG#97838b23-52fd-11f1-a8e5-eeee0a8b5973.axon-odata-api-app#flowable-async-job-executor-thread-20418#
[PollStartAppStatusExecution] fbe7a60c-9d59-4646-9863-1fb8863709b6 [2026-05-18T21:03:58.772811] Invoking pre-start scripts. (STDOUT, APP/PROC/WEB)#
#2026 05 18 21:08:12.407#Z#DEBUG#97838b23-52fd-11f1-a8e5-eeee0a8b5973.axon-odata-api-app#flowable-async-job-executor-thread-20418#
[PollStartAppStatusExecution] fbe7a60c-9d59-4646-9863-1fb8863709b6 [2026-05-18T21:03:59.042043] Invoking start command. (STDOUT, APP/PROC/WEB)#
#2026 05 18 21:08:12.407#Z#DEBUG#97838b23-52fd-11f1-a8e5-eeee0a8b5973.axon-odata-api-app#flowable-async-job-executor-thread-20418#
[PollStartAppStatusExecution] fbe7a60c-9d59-4646-9863-1fb8863709b6 [2026-05-18T21:03:59.607046] > axon-odata-api-approuter@1.0.0 start (STDOUT, APP/PROC/WEB)#
#2026 05 18 21:08:12.407#Z#DEBUG#97838b23-52fd-11f1-a8e5-eeee0a8b5973.axon-odata-api-app#flowable-async-job-executor-thread-20418#
[PollStartAppStatusExecution] fbe7a60c-9d59-4646-9863-1fb8863709b6 [2026-05-18T21:03:59.607091] > node node_modules/@sap/approuter/approuter.js (STDOUT, APP/PROC/WEB)#
#2026 05 18 21:08:12.407#Z#DEBUG#97838b23-52fd-11f1-a8e5-eeee0a8b5973.axon-odata-api-app#flowable-async-job-executor-thread-20418#
[PollStartAppStatusExecution] fbe7a60c-9d59-4646-9863-1fb8863709b6 [2026-05-18T21:03:59.839279] {"written_at":"2026-05-18T21:03:59.837Z","written_ts":1779138239837000000,"csn_component":"-","correlation_id":"-","type":"log","logger":"nodejs-logger","layer":"/LoggingLibrary","level":"warning","container_id":"10.32.1.5","component_type":"application","component_id":"fbe7a60c-9d59-4646-9863-1fb8863709b6","component_name":"axon-odata-api-app","component_instance":-1,"source_instance":-1,"organization_id":"88230758-1103-4d78-aabf-593fe928b154","organization_name":"590c8b3dtrial_590c8b3dtrial","space_id":"46c5c819-922f-41a0-b344-dcdeaecd2987","space_name":"dev","context_id":"","msg":"Dynamic log level switching not available"} (STDOUT, APP/PROC/WEB)#
#2026 05 18 21:08:12.407#Z#DEBUG#97838b23-52fd-11f1-a8e5-eeee0a8b5973.axon-odata-api-app#flowable-async-job-executor-thread-20418#
[PollStartAppStatusExecution] fbe7a60c-9d59-4646-9863-1fb8863709b6 [2026-05-18T21:04:00.558472] {"written_at":"2026-05-18T21:04:00.557Z","written_ts":1779138240557000000,"csn_component":"-","correlation_id":"mpboz0a6","type":"log","logger":"nodejs-logger","layer":"/approuter","level":"info","container_id":"10.32.1.5","component_type":"application","component_id":"fbe7a60c-9d59-4646-9863-1fb8863709b6","component_name":"axon-odata-api-app","component_instance":-1,"source_instance":-1,"organization_id":"88230758-1103-4d78-aabf-593fe928b154","organization_name":"590c8b3dtrial_590c8b3dtrial","space_id":"46c5c819-922f-41a0-b344-dcdeaecd2987","space_name":"dev","context_id":"mpboz0a6","msg":"Application router version 20.10.0"} (STDOUT, APP/PROC/WEB)#
#2026 05 18 21:08:12.407#Z#DEBUG#97838b23-52fd-11f1-a8e5-eeee0a8b5973.axon-odata-api-app#flowable-async-job-executor-thread-20418#
[PollStartAppStatusExecution] fbe7a60c-9d59-4646-9863-1fb8863709b6 [2026-05-18T21:04:00.563218] {"written_at":"2026-05-18T21:04:00.562Z","written_ts":1779138240562000000,"csn_component":"-","correlation_id":"mpboz0aa","type":"log","logger":"nodejs-logger","layer":"/Configuration","level":"info","container_id":"10.32.1.5","component_type":"application","component_id":"fbe7a60c-9d59-4646-9863-1fb8863709b6","component_name":"axon-odata-api-app","component_instance":-1,"source_instance":-1,"organization_id":"88230758-1103-4d78-aabf-593fe928b154","organization_name":"590c8b3dtrial_590c8b3dtrial","space_id":"46c5c819-922f-41a0-b344-dcdeaecd2987","space_name":"dev","context_id":"mpboz0aa","msg":"No COOKIES environment variable"} (STDOUT, APP/PROC/WEB)#
#2026 05 18 21:08:12.407#Z#DEBUG#97838b23-52fd-11f1-a8e5-eeee0a8b5973.axon-odata-api-app#flowable-async-job-executor-thread-20418#
[PollStartAppStatusExecution] fbe7a60c-9d59-4646-9863-1fb8863709b6 [2026-05-18T21:04:00.607097] {"written_at":"2026-05-18T21:04:00.606Z","written_ts":1779138240606000000,"csn_component":"-","correlation_id":"mpboz0a6","type":"log","logger":"nodejs-logger","layer":"/approuter","level":"info","container_id":"10.32.1.5","component_type":"application","component_id":"fbe7a60c-9d59-4646-9863-1fb8863709b6","component_name":"axon-odata-api-app","component_instance":-1,"source_instance":-1,"organization_id":"88230758-1103-4d78-aabf-593fe928b154","organization_name":"590c8b3dtrial_590c8b3dtrial","space_id":"46c5c819-922f-41a0-b344-dcdeaecd2987","space_name":"dev","context_id":"mpboz0a6","msg":"Application router is listening on port: 8080"} (STDOUT, APP/PROC/WEB)#
#2026 05 18 21:08:12.407#Z#DEBUG#97838b23-52fd-11f1-a8e5-eeee0a8b5973.axon-odata-api-app#flowable-async-job-executor-thread-20418#
[PollStartAppStatusExecution] fbe7a60c-9d59-4646-9863-1fb8863709b6 [2026-05-18T21:04:02.365922] Container became healthy (STDOUT, CELL)#
#2026 05 18 21:08:12.407#Z#DEBUG#97838b23-52fd-11f1-a8e5-eeee0a8b5973.axon-odata-api-app#flowable-async-job-executor-thread-20418#
[PollStartAppStatusExecution] fbe7a60c-9d59-4646-9863-1fb8863709b6 [2026-05-18T21:04:02.392362] Process became ready with guid fbe7a60c-9d59-4646-9863-1fb8863709b6 payload: {"instance"=>"6d3c2127-00ad-4253-70dd-44a0", "index"=>0, "cell_id"=>"d1cc041a-d5a1-41d6-b9f6-6cda736ce3f0", "ready"=>true, "version"=>"6ddbc49d-43ec-4c9d-a73a-0a20c414e986"} (STDOUT, API)#
#2026 05 18 21:08:12.407#Z#DEBUG#97838b23-52fd-11f1-a8e5-eeee0a8b5973.axon-odata-api-app#flowable-async-job-executor-thread-20418#
[PollStartAppStatusExecution] fbe7a60c-9d59-4646-9863-1fb8863709b6 [2026-05-18T21:04:18.227495] Cell c839c7b1-088e-41af-b9b7-66256aacd457 destroying container for instance a4c1c4cf-2eb7-41f8-6ecc-f8ee (STDOUT, CELL)#
#2026 05 18 21:08:12.407#Z#DEBUG#97838b23-52fd-11f1-a8e5-eeee0a8b5973.axon-odata-api-app#flowable-async-job-executor-thread-20418#
[PollStartAppStatusExecution] fbe7a60c-9d59-4646-9863-1fb8863709b6 [2026-05-18T21:04:19.520855] Exit status 137 (STDOUT, PROXY)#
#2026 05 18 21:08:12.407#Z#DEBUG#97838b23-52fd-11f1-a8e5-eeee0a8b5973.axon-odata-api-app#flowable-async-job-executor-thread-20418#
[PollStartAppStatusExecution] fbe7a60c-9d59-4646-9863-1fb8863709b6 [2026-05-18T21:04:21.218506] Cell c839c7b1-088e-41af-b9b7-66256aacd457 successfully destroyed container for instance a4c1c4cf-2eb7-41f8-6ecc-f8ee (STDOUT, CELL)#
#2026 05 18 21:08:12.407#Z#DEBUG#97838b23-52fd-11f1-a8e5-eeee0a8b5973.axon-odata-api-app#flowable-async-job-executor-thread-20418#
[PollStartAppStatusExecution] fbe7a60c-9d59-4646-9863-1fb8863709b6 [2026-05-18T21:07:39.221085] Updated app with guid fbe7a60c-9d59-4646-9863-1fb8863709b6 ({"lifecycle"=>{"data"=>{"buildpacks"=>[]}, "type"=>"buildpack"}}) (STDOUT, API)#
#2026 05 18 21:08:12.407#Z#DEBUG#97838b23-52fd-11f1-a8e5-eeee0a8b5973.axon-odata-api-app#flowable-async-job-executor-thread-20418#
[PollStartAppStatusExecution] fbe7a60c-9d59-4646-9863-1fb8863709b6 [2026-05-18T21:07:39.317733] Updating process: "web" (STDOUT, API)#
#2026 05 18 21:08:12.407#Z#DEBUG#97838b23-52fd-11f1-a8e5-eeee0a8b5973.axon-odata-api-app#flowable-async-job-executor-thread-20418#
[PollStartAppStatusExecution] fbe7a60c-9d59-4646-9863-1fb8863709b6 [2026-05-18T21:08:03.403196] Stopping app with guid fbe7a60c-9d59-4646-9863-1fb8863709b6 (STDOUT, API)#
#2026 05 18 21:08:12.407#Z#DEBUG#97838b23-52fd-11f1-a8e5-eeee0a8b5973.axon-odata-api-app#flowable-async-job-executor-thread-20418#
[PollStartAppStatusExecution] fbe7a60c-9d59-4646-9863-1fb8863709b6 [2026-05-18T21:08:03.449412] Cell d1cc041a-d5a1-41d6-b9f6-6cda736ce3f0 stopping instance 6d3c2127-00ad-4253-70dd-44a0 (STDOUT, CELL)#
#2026 05 18 21:08:12.407#Z#DEBUG#97838b23-52fd-11f1-a8e5-eeee0a8b5973.axon-odata-api-app#flowable-async-job-executor-thread-20418#
[PollStartAppStatusExecution] fbe7a60c-9d59-4646-9863-1fb8863709b6 [2026-05-18T21:08:03.730496] Starting app with guid fbe7a60c-9d59-4646-9863-1fb8863709b6 (STDOUT, API)#
#2026 05 18 21:08:12.407#Z#DEBUG#97838b23-52fd-11f1-a8e5-eeee0a8b5973.axon-odata-api-app#flowable-async-job-executor-thread-20418#
[PollStartAppStatusExecution] fbe7a60c-9d59-4646-9863-1fb8863709b6 [2026-05-18T21:08:03.981490] Cell c839c7b1-088e-41af-b9b7-66256aacd457 creating container for instance 21a41639-3440-405e-762c-3fca (STDOUT, CELL)#
#2026 05 18 21:08:12.407#Z#DEBUG#97838b23-52fd-11f1-a8e5-eeee0a8b5973.axon-odata-api-app#flowable-async-job-executor-thread-20418#
[PollStartAppStatusExecution] fbe7a60c-9d59-4646-9863-1fb8863709b6 [2026-05-18T21:08:05.884076] Security group rules were updated (STDOUT, CELL)#
#2026 05 18 21:08:12.407#Z#DEBUG#97838b23-52fd-11f1-a8e5-eeee0a8b5973.axon-odata-api-app#flowable-async-job-executor-thread-20418#
[PollStartAppStatusExecution] fbe7a60c-9d59-4646-9863-1fb8863709b6 [2026-05-18T21:08:06.107516] Cell c839c7b1-088e-41af-b9b7-66256aacd457 successfully created container for instance 21a41639-3440-405e-762c-3fca (STDOUT, CELL)#
#2026 05 18 21:08:12.407#Z#DEBUG#97838b23-52fd-11f1-a8e5-eeee0a8b5973.axon-odata-api-app#flowable-async-job-executor-thread-20418#
[PollStartAppStatusExecution] fbe7a60c-9d59-4646-9863-1fb8863709b6 [2026-05-18T21:08:07.358853] Downloading droplet... (STDOUT, CELL)#
#2026 05 18 21:08:22.303#Z#DEBUG#97838b23-52fd-11f1-a8e5-eeee0a8b5973.axon-odata-api-app#flowable-async-job-executor-thread-25770#
[PollStartAppStatusExecution] fbe7a60c-9d59-4646-9863-1fb8863709b6 [2026-05-18T21:08:14.840297] Downloaded droplet (61.6M) (STDOUT, CELL)#
#2026 05 18 21:08:22.303#Z#DEBUG#97838b23-52fd-11f1-a8e5-eeee0a8b5973.axon-odata-api-app#flowable-async-job-executor-thread-25770#
[PollStartAppStatusExecution] fbe7a60c-9d59-4646-9863-1fb8863709b6 [2026-05-18T21:08:14.840488] Starting health monitoring of container (STDOUT, CELL)#
#2026 05 18 21:08:22.303#Z#DEBUG#97838b23-52fd-11f1-a8e5-eeee0a8b5973.axon-odata-api-app#flowable-async-job-executor-thread-25770#
[PollStartAppStatusExecution] fbe7a60c-9d59-4646-9863-1fb8863709b6 [2026-05-18T21:08:15.117599] Invoking pre-start scripts. (STDOUT, APP/PROC/WEB)#
#2026 05 18 21:08:22.303#Z#DEBUG#97838b23-52fd-11f1-a8e5-eeee0a8b5973.axon-odata-api-app#flowable-async-job-executor-thread-25770#
[PollStartAppStatusExecution] fbe7a60c-9d59-4646-9863-1fb8863709b6 [2026-05-18T21:08:15.377670] Invoking start command. (STDOUT, APP/PROC/WEB)#
#2026 05 18 21:08:22.303#Z#DEBUG#97838b23-52fd-11f1-a8e5-eeee0a8b5973.axon-odata-api-app#flowable-async-job-executor-thread-25770#
[PollStartAppStatusExecution] fbe7a60c-9d59-4646-9863-1fb8863709b6 [2026-05-18T21:08:15.937471] > axon-odata-api-approuter@1.0.0 start (STDOUT, APP/PROC/WEB)#
#2026 05 18 21:08:22.303#Z#DEBUG#97838b23-52fd-11f1-a8e5-eeee0a8b5973.axon-odata-api-app#flowable-async-job-executor-thread-25770#
[PollStartAppStatusExecution] fbe7a60c-9d59-4646-9863-1fb8863709b6 [2026-05-18T21:08:15.937492] > node node_modules/@sap/approuter/approuter.js (STDOUT, APP/PROC/WEB)#
#2026 05 18 21:08:22.303#Z#DEBUG#97838b23-52fd-11f1-a8e5-eeee0a8b5973.axon-odata-api-app#flowable-async-job-executor-thread-25770#
[PollStartAppStatusExecution] fbe7a60c-9d59-4646-9863-1fb8863709b6 [2026-05-18T21:08:16.167735] {"written_at":"2026-05-18T21:08:16.165Z","written_ts":1779138496165000000,"csn_component":"-","correlation_id":"-","type":"log","logger":"nodejs-logger","layer":"/LoggingLibrary","level":"warning","container_id":"10.32.2.6","component_type":"application","component_id":"fbe7a60c-9d59-4646-9863-1fb8863709b6","component_name":"axon-odata-api-app","component_instance":-1,"source_instance":-1,"organization_id":"88230758-1103-4d78-aabf-593fe928b154","organization_name":"590c8b3dtrial_590c8b3dtrial","space_id":"46c5c819-922f-41a0-b344-dcdeaecd2987","space_name":"dev","context_id":"","msg":"Dynamic log level switching not available"} (STDOUT, APP/PROC/WEB)#
#2026 05 18 21:08:22.303#Z#DEBUG#97838b23-52fd-11f1-a8e5-eeee0a8b5973.axon-odata-api-app#flowable-async-job-executor-thread-25770#
[PollStartAppStatusExecution] fbe7a60c-9d59-4646-9863-1fb8863709b6 [2026-05-18T21:08:16.832186] {"written_at":"2026-05-18T21:08:16.831Z","written_ts":1779138496831000000,"csn_component":"-","correlation_id":"mpbp4i0v","type":"log","logger":"nodejs-logger","layer":"/approuter","level":"info","container_id":"10.32.2.6","component_type":"application","component_id":"fbe7a60c-9d59-4646-9863-1fb8863709b6","component_name":"axon-odata-api-app","component_instance":-1,"source_instance":-1,"organization_id":"88230758-1103-4d78-aabf-593fe928b154","organization_name":"590c8b3dtrial_590c8b3dtrial","space_id":"46c5c819-922f-41a0-b344-dcdeaecd2987","space_name":"dev","context_id":"mpbp4i0v","msg":"Application router version 20.10.0"} (STDOUT, APP/PROC/WEB)#
#2026 05 18 21:08:22.303#Z#DEBUG#97838b23-52fd-11f1-a8e5-eeee0a8b5973.axon-odata-api-app#flowable-async-job-executor-thread-25770#
[PollStartAppStatusExecution] fbe7a60c-9d59-4646-9863-1fb8863709b6 [2026-05-18T21:08:16.836463] {"written_at":"2026-05-18T21:08:16.835Z","written_ts":1779138496835000000,"csn_component":"-","correlation_id":"mpbp4i0z","type":"log","logger":"nodejs-logger","layer":"/Configuration","level":"info","container_id":"10.32.2.6","component_type":"application","component_id":"fbe7a60c-9d59-4646-9863-1fb8863709b6","component_name":"axon-odata-api-app","component_instance":-1,"source_instance":-1,"organization_id":"88230758-1103-4d78-aabf-593fe928b154","organization_name":"590c8b3dtrial_590c8b3dtrial","space_id":"46c5c819-922f-41a0-b344-dcdeaecd2987","space_name":"dev","context_id":"mpbp4i0z","msg":"No COOKIES environment variable"} (STDOUT, APP/PROC/WEB)#
#2026 05 18 21:08:22.303#Z#DEBUG#97838b23-52fd-11f1-a8e5-eeee0a8b5973.axon-odata-api-app#flowable-async-job-executor-thread-25770#
[PollStartAppStatusExecution] fbe7a60c-9d59-4646-9863-1fb8863709b6 [2026-05-18T21:08:16.879344] {"written_at":"2026-05-18T21:08:16.878Z","written_ts":1779138496878000000,"csn_component":"-","correlation_id":"mpbp4i0v","type":"log","logger":"nodejs-logger","layer":"/approuter","level":"info","container_id":"10.32.2.6","component_type":"application","component_id":"fbe7a60c-9d59-4646-9863-1fb8863709b6","component_name":"axon-odata-api-app","component_instance":-1,"source_instance":-1,"organization_id":"88230758-1103-4d78-aabf-593fe928b154","organization_name":"590c8b3dtrial_590c8b3dtrial","space_id":"46c5c819-922f-41a0-b344-dcdeaecd2987","space_name":"dev","context_id":"mpbp4i0v","msg":"Application router is listening on port: 8080"} (STDOUT, APP/PROC/WEB)#
#2026 05 18 21:08:22.303#Z#DEBUG#97838b23-52fd-11f1-a8e5-eeee0a8b5973.axon-odata-api-app#flowable-async-job-executor-thread-25770#
[PollStartAppStatusExecution] fbe7a60c-9d59-4646-9863-1fb8863709b6 [2026-05-18T21:08:17.346113] Container became healthy (STDOUT, CELL)#
#2026 05 18 21:08:22.303#Z#DEBUG#97838b23-52fd-11f1-a8e5-eeee0a8b5973.axon-odata-api-app#flowable-async-job-executor-thread-25770#
[PollStartAppStatusExecution] fbe7a60c-9d59-4646-9863-1fb8863709b6 [2026-05-18T21:08:17.373323] Process became ready with guid fbe7a60c-9d59-4646-9863-1fb8863709b6 payload: {"instance"=>"21a41639-3440-405e-762c-3fca", "index"=>0, "cell_id"=>"c839c7b1-088e-41af-b9b7-66256aacd457", "ready"=>true, "version"=>"fc49e849-16b2-4cf8-9182-886afb13f5ee"} (STDOUT, API)#
