#2026 05 20 17:43:01.675#Z#DEBUG#2e5dd6e9-5473-11f1-b19a-eeee0a964b2e.axon-odata-api#flowable-async-job-executor-thread-12441#
[PollStageAppStatusExecution] d92b9203-13f2-4150-992d-a89b2ef18ea4 [2026-05-20T17:41:03.644021] Updated app with guid d92b9203-13f2-4150-992d-a89b2ef18ea4 ({"lifecycle"=>{"data"=>{"buildpacks"=>[]}, "type"=>"buildpack"}}) (STDOUT, API)#
#2026 05 20 17:43:01.675#Z#DEBUG#2e5dd6e9-5473-11f1-b19a-eeee0a964b2e.axon-odata-api#flowable-async-job-executor-thread-12441#
[PollStageAppStatusExecution] d92b9203-13f2-4150-992d-a89b2ef18ea4 [2026-05-20T17:41:03.746491] Updating process: "web" (STDOUT, API)#
#2026 05 20 17:43:01.675#Z#DEBUG#2e5dd6e9-5473-11f1-b19a-eeee0a964b2e.axon-odata-api#flowable-async-job-executor-thread-12441#
[PollStageAppStatusExecution] d92b9203-13f2-4150-992d-a89b2ef18ea4 [2026-05-20T17:41:03.878877] Updated app with guid d92b9203-13f2-4150-992d-a89b2ef18ea4 ({"environment_variables"=>"[PRIVATE DATA HIDDEN]"}) (STDOUT, API)#
#2026 05 20 17:43:01.675#Z#DEBUG#2e5dd6e9-5473-11f1-b19a-eeee0a964b2e.axon-odata-api#flowable-async-job-executor-thread-12441#
[PollStageAppStatusExecution] d92b9203-13f2-4150-992d-a89b2ef18ea4 [2026-05-20T17:41:31.300701] Uploading app package for app with guid d92b9203-13f2-4150-992d-a89b2ef18ea4 (STDOUT, API)#
#2026 05 20 17:43:01.675#Z#DEBUG#2e5dd6e9-5473-11f1-b19a-eeee0a964b2e.axon-odata-api#flowable-async-job-executor-thread-12441#
[PollStageAppStatusExecution] d92b9203-13f2-4150-992d-a89b2ef18ea4 [2026-05-20T17:41:31.511546] Updated app with guid d92b9203-13f2-4150-992d-a89b2ef18ea4 ({"environment_variables"=>"[PRIVATE DATA HIDDEN]"}) (STDOUT, API)#
#2026 05 20 17:43:01.675#Z#DEBUG#2e5dd6e9-5473-11f1-b19a-eeee0a964b2e.axon-odata-api#flowable-async-job-executor-thread-12441#
[PollStageAppStatusExecution] d92b9203-13f2-4150-992d-a89b2ef18ea4 [2026-05-20T17:42:06.979216] Updated app with guid d92b9203-13f2-4150-992d-a89b2ef18ea4 ({"lifecycle"=>{"data"=>{"buildpacks"=>[]}, "type"=>"buildpack"}}) (STDOUT, API)#
#2026 05 20 17:43:01.675#Z#DEBUG#2e5dd6e9-5473-11f1-b19a-eeee0a964b2e.axon-odata-api#flowable-async-job-executor-thread-12441#
[PollStageAppStatusExecution] d92b9203-13f2-4150-992d-a89b2ef18ea4 [2026-05-20T17:42:07.075167] Updating process: "web" (STDOUT, API)#
#2026 05 20 17:43:01.675#Z#DEBUG#2e5dd6e9-5473-11f1-b19a-eeee0a964b2e.axon-odata-api#flowable-async-job-executor-thread-12441#
[PollStageAppStatusExecution] d92b9203-13f2-4150-992d-a89b2ef18ea4 [2026-05-20T17:42:07.194646] Updated app with guid d92b9203-13f2-4150-992d-a89b2ef18ea4 ({"environment_variables"=>"[PRIVATE DATA HIDDEN]"}) (STDOUT, API)#
#2026 05 20 17:43:01.675#Z#DEBUG#2e5dd6e9-5473-11f1-b19a-eeee0a964b2e.axon-odata-api#flowable-async-job-executor-thread-12441#
[PollStageAppStatusExecution] d92b9203-13f2-4150-992d-a89b2ef18ea4 [2026-05-20T17:42:41.811627] Uploading app package for app with guid d92b9203-13f2-4150-992d-a89b2ef18ea4 (STDOUT, API)#
#2026 05 20 17:43:01.675#Z#DEBUG#2e5dd6e9-5473-11f1-b19a-eeee0a964b2e.axon-odata-api#flowable-async-job-executor-thread-12441#
[PollStageAppStatusExecution] d92b9203-13f2-4150-992d-a89b2ef18ea4 [2026-05-20T17:42:42.024085] Updated app with guid d92b9203-13f2-4150-992d-a89b2ef18ea4 ({"environment_variables"=>"[PRIVATE DATA HIDDEN]"}) (STDOUT, API)#
#2026 05 20 17:43:01.675#Z#DEBUG#2e5dd6e9-5473-11f1-b19a-eeee0a964b2e.axon-odata-api#flowable-async-job-executor-thread-12441#
[PollStageAppStatusExecution] d92b9203-13f2-4150-992d-a89b2ef18ea4 [2026-05-20T17:42:51.816036] Stopping app with guid d92b9203-13f2-4150-992d-a89b2ef18ea4 (STDOUT, API)#
#2026 05 20 17:43:01.675#Z#DEBUG#2e5dd6e9-5473-11f1-b19a-eeee0a964b2e.axon-odata-api#flowable-async-job-executor-thread-12441#
[PollStageAppStatusExecution] d92b9203-13f2-4150-992d-a89b2ef18ea4 [2026-05-20T17:42:51.849772] Cell 77283d80-dfa7-40ba-ba4e-265aef112085 stopping instance 3cdc7a4b-72ca-4105-788d-4df3 (STDOUT, CELL)#
#2026 05 20 17:43:01.675#Z#DEBUG#2e5dd6e9-5473-11f1-b19a-eeee0a964b2e.axon-odata-api#flowable-async-job-executor-thread-12441#
[PollStageAppStatusExecution] d92b9203-13f2-4150-992d-a89b2ef18ea4 [2026-05-20T17:42:52.053767] Creating build for app with guid d92b9203-13f2-4150-992d-a89b2ef18ea4 (STDOUT, API)#
#2026 05 20 17:43:01.675#Z#DEBUG#2e5dd6e9-5473-11f1-b19a-eeee0a964b2e.axon-odata-api#flowable-async-job-executor-thread-12441#
[PollStageAppStatusExecution] d92b9203-13f2-4150-992d-a89b2ef18ea4 [2026-05-20T17:42:53.603346] Downloading nodejs_buildpack... (STDOUT, STG)#
#2026 05 20 17:43:01.675#Z#DEBUG#2e5dd6e9-5473-11f1-b19a-eeee0a964b2e.axon-odata-api#flowable-async-job-executor-thread-12441#
[PollStageAppStatusExecution] d92b9203-13f2-4150-992d-a89b2ef18ea4 [2026-05-20T17:42:53.603350] Downloading zero_trust_sidecar_buildpack_1_16... (STDOUT, STG)#
#2026 05 20 17:43:01.675#Z#DEBUG#2e5dd6e9-5473-11f1-b19a-eeee0a964b2e.axon-odata-api#flowable-async-job-executor-thread-12441#
[PollStageAppStatusExecution] d92b9203-13f2-4150-992d-a89b2ef18ea4 [2026-05-20T17:42:53.603387] Downloading sap_java_buildpack_jakarta_2_58... (STDOUT, STG)#
#2026 05 20 17:43:01.675#Z#DEBUG#2e5dd6e9-5473-11f1-b19a-eeee0a964b2e.axon-odata-api#flowable-async-job-executor-thread-12441#
[PollStageAppStatusExecution] d92b9203-13f2-4150-992d-a89b2ef18ea4 [2026-05-20T17:42:53.618541] Downloading sap_java_buildpack_jakarta_2_56... (STDOUT, STG)#
#2026 05 20 17:43:01.675#Z#DEBUG#2e5dd6e9-5473-11f1-b19a-eeee0a964b2e.axon-odata-api#flowable-async-job-executor-thread-12441#
[PollStageAppStatusExecution] d92b9203-13f2-4150-992d-a89b2ef18ea4 [2026-05-20T17:42:53.637718] Downloading php_buildpack... (STDOUT, STG)#
#2026 05 20 17:43:01.675#Z#DEBUG#2e5dd6e9-5473-11f1-b19a-eeee0a964b2e.axon-odata-api#flowable-async-job-executor-thread-12441#
[PollStageAppStatusExecution] d92b9203-13f2-4150-992d-a89b2ef18ea4 [2026-05-20T17:42:53.650896] Downloaded nodejs_buildpack (STDOUT, STG)#
#2026 05 20 17:43:01.675#Z#DEBUG#2e5dd6e9-5473-11f1-b19a-eeee0a964b2e.axon-odata-api#flowable-async-job-executor-thread-12441#
[PollStageAppStatusExecution] d92b9203-13f2-4150-992d-a89b2ef18ea4 [2026-05-20T17:42:53.651029] Downloading sap_java_buildpack_jakarta_2_55... (STDOUT, STG)#
#2026 05 20 17:43:01.675#Z#DEBUG#2e5dd6e9-5473-11f1-b19a-eeee0a964b2e.axon-odata-api#flowable-async-job-executor-thread-12441#
[PollStageAppStatusExecution] d92b9203-13f2-4150-992d-a89b2ef18ea4 [2026-05-20T17:42:53.653065] Downloaded sap_java_buildpack_jakarta_2_58 (STDOUT, STG)#
#2026 05 20 17:43:01.675#Z#DEBUG#2e5dd6e9-5473-11f1-b19a-eeee0a964b2e.axon-odata-api#flowable-async-job-executor-thread-12441#
[PollStageAppStatusExecution] d92b9203-13f2-4150-992d-a89b2ef18ea4 [2026-05-20T17:42:53.653116] Downloading sap_java_buildpack_jakarta_2_53... (STDOUT, STG)#
#2026 05 20 17:43:01.675#Z#DEBUG#2e5dd6e9-5473-11f1-b19a-eeee0a964b2e.axon-odata-api#flowable-async-job-executor-thread-12441#
[PollStageAppStatusExecution] d92b9203-13f2-4150-992d-a89b2ef18ea4 [2026-05-20T17:42:53.657673] Downloaded zero_trust_sidecar_buildpack_1_16 (STDOUT, STG)#
#2026 05 20 17:43:01.675#Z#DEBUG#2e5dd6e9-5473-11f1-b19a-eeee0a964b2e.axon-odata-api#flowable-async-job-executor-thread-12441#
[PollStageAppStatusExecution] d92b9203-13f2-4150-992d-a89b2ef18ea4 [2026-05-20T17:42:53.657709] Downloading zero_trust_sidecar_buildpack_1_14... (STDOUT, STG)#
#2026 05 20 17:43:01.675#Z#DEBUG#2e5dd6e9-5473-11f1-b19a-eeee0a964b2e.axon-odata-api#flowable-async-job-executor-thread-12441#
[PollStageAppStatusExecution] d92b9203-13f2-4150-992d-a89b2ef18ea4 [2026-05-20T17:42:53.666392] Downloaded sap_java_buildpack_jakarta_2_56 (STDOUT, STG)#
#2026 05 20 17:43:01.675#Z#DEBUG#2e5dd6e9-5473-11f1-b19a-eeee0a964b2e.axon-odata-api#flowable-async-job-executor-thread-12441#
[PollStageAppStatusExecution] d92b9203-13f2-4150-992d-a89b2ef18ea4 [2026-05-20T17:42:53.666429] Downloading go_buildpack... (STDOUT, STG)#
#2026 05 20 17:43:01.675#Z#DEBUG#2e5dd6e9-5473-11f1-b19a-eeee0a964b2e.axon-odata-api#flowable-async-job-executor-thread-12441#
[PollStageAppStatusExecution] d92b9203-13f2-4150-992d-a89b2ef18ea4 [2026-05-20T17:42:53.674116] Downloaded sap_java_buildpack_jakarta_2_55 (STDOUT, STG)#
#2026 05 20 17:43:01.675#Z#DEBUG#2e5dd6e9-5473-11f1-b19a-eeee0a964b2e.axon-odata-api#flowable-async-job-executor-thread-12441#
[PollStageAppStatusExecution] d92b9203-13f2-4150-992d-a89b2ef18ea4 [2026-05-20T17:42:53.674163] Downloading zero_trust_sidecar_buildpack_1_15... (STDOUT, STG)#
#2026 05 20 17:43:01.675#Z#DEBUG#2e5dd6e9-5473-11f1-b19a-eeee0a964b2e.axon-odata-api#flowable-async-job-executor-thread-12441#
[PollStageAppStatusExecution] d92b9203-13f2-4150-992d-a89b2ef18ea4 [2026-05-20T17:42:53.687081] Downloaded php_buildpack (STDOUT, STG)#
#2026 05 20 17:43:01.675#Z#DEBUG#2e5dd6e9-5473-11f1-b19a-eeee0a964b2e.axon-odata-api#flowable-async-job-executor-thread-12441#
[PollStageAppStatusExecution] d92b9203-13f2-4150-992d-a89b2ef18ea4 [2026-05-20T17:42:53.687143] Downloading python_buildpack... (STDOUT, STG)#
#2026 05 20 17:43:01.675#Z#DEBUG#2e5dd6e9-5473-11f1-b19a-eeee0a964b2e.axon-odata-api#flowable-async-job-executor-thread-12441#
[PollStageAppStatusExecution] d92b9203-13f2-4150-992d-a89b2ef18ea4 [2026-05-20T17:42:53.699349] Downloaded go_buildpack (STDOUT, STG)#
#2026 05 20 17:43:01.675#Z#DEBUG#2e5dd6e9-5473-11f1-b19a-eeee0a964b2e.axon-odata-api#flowable-async-job-executor-thread-12441#
[PollStageAppStatusExecution] d92b9203-13f2-4150-992d-a89b2ef18ea4 [2026-05-20T17:42:53.699406] Downloading zero_trust_sidecar_buildpack... (STDOUT, STG)#
#2026 05 20 17:43:01.675#Z#DEBUG#2e5dd6e9-5473-11f1-b19a-eeee0a964b2e.axon-odata-api#flowable-async-job-executor-thread-12441#
[PollStageAppStatusExecution] d92b9203-13f2-4150-992d-a89b2ef18ea4 [2026-05-20T17:42:53.699494] Downloaded sap_java_buildpack_jakarta_2_53 (STDOUT, STG)#
#2026 05 20 17:43:01.675#Z#DEBUG#2e5dd6e9-5473-11f1-b19a-eeee0a964b2e.axon-odata-api#flowable-async-job-executor-thread-12441#
[PollStageAppStatusExecution] d92b9203-13f2-4150-992d-a89b2ef18ea4 [2026-05-20T17:42:53.699532] Downloading staticfile_buildpack... (STDOUT, STG)#
#2026 05 20 17:43:01.675#Z#DEBUG#2e5dd6e9-5473-11f1-b19a-eeee0a964b2e.axon-odata-api#flowable-async-job-executor-thread-12441#
[PollStageAppStatusExecution] d92b9203-13f2-4150-992d-a89b2ef18ea4 [2026-05-20T17:42:53.705099] Downloaded zero_trust_sidecar_buildpack_1_14 (STDOUT, STG)#
#2026 05 20 17:43:01.675#Z#DEBUG#2e5dd6e9-5473-11f1-b19a-eeee0a964b2e.axon-odata-api#flowable-async-job-executor-thread-12441#
[PollStageAppStatusExecution] d92b9203-13f2-4150-992d-a89b2ef18ea4 [2026-05-20T17:42:53.705154] Downloading java_buildpack... (STDOUT, STG)#
#2026 05 20 17:43:01.675#Z#DEBUG#2e5dd6e9-5473-11f1-b19a-eeee0a964b2e.axon-odata-api#flowable-async-job-executor-thread-12441#
[PollStageAppStatusExecution] d92b9203-13f2-4150-992d-a89b2ef18ea4 [2026-05-20T17:42:53.714572] Downloaded python_buildpack (STDOUT, STG)#
#2026 05 20 17:43:01.675#Z#DEBUG#2e5dd6e9-5473-11f1-b19a-eeee0a964b2e.axon-odata-api#flowable-async-job-executor-thread-12441#
[PollStageAppStatusExecution] d92b9203-13f2-4150-992d-a89b2ef18ea4 [2026-05-20T17:42:53.714617] Downloading binary_buildpack... (STDOUT, STG)#
#2026 05 20 17:43:01.675#Z#DEBUG#2e5dd6e9-5473-11f1-b19a-eeee0a964b2e.axon-odata-api#flowable-async-job-executor-thread-12441#
[PollStageAppStatusExecution] d92b9203-13f2-4150-992d-a89b2ef18ea4 [2026-05-20T17:42:53.723165] Downloaded zero_trust_sidecar_buildpack (STDOUT, STG)#
#2026 05 20 17:43:01.675#Z#DEBUG#2e5dd6e9-5473-11f1-b19a-eeee0a964b2e.axon-odata-api#flowable-async-job-executor-thread-12441#
[PollStageAppStatusExecution] d92b9203-13f2-4150-992d-a89b2ef18ea4 [2026-05-20T17:42:53.723204] Downloading nginx_buildpack... (STDOUT, STG)#
#2026 05 20 17:43:01.675#Z#DEBUG#2e5dd6e9-5473-11f1-b19a-eeee0a964b2e.axon-odata-api#flowable-async-job-executor-thread-12441#
[PollStageAppStatusExecution] d92b9203-13f2-4150-992d-a89b2ef18ea4 [2026-05-20T17:42:53.724460] Downloaded zero_trust_sidecar_buildpack_1_15 (STDOUT, STG)#
#2026 05 20 17:43:01.675#Z#DEBUG#2e5dd6e9-5473-11f1-b19a-eeee0a964b2e.axon-odata-api#flowable-async-job-executor-thread-12441#
[PollStageAppStatusExecution] d92b9203-13f2-4150-992d-a89b2ef18ea4 [2026-05-20T17:42:53.724489] Downloading sap_java_buildpack_jakarta... (STDOUT, STG)#
#2026 05 20 17:43:01.675#Z#DEBUG#2e5dd6e9-5473-11f1-b19a-eeee0a964b2e.axon-odata-api#flowable-async-job-executor-thread-12441#
[PollStageAppStatusExecution] d92b9203-13f2-4150-992d-a89b2ef18ea4 [2026-05-20T17:42:53.735567] Downloaded binary_buildpack (STDOUT, STG)#
#2026 05 20 17:43:01.675#Z#DEBUG#2e5dd6e9-5473-11f1-b19a-eeee0a964b2e.axon-odata-api#flowable-async-job-executor-thread-12441#
[PollStageAppStatusExecution] d92b9203-13f2-4150-992d-a89b2ef18ea4 [2026-05-20T17:42:53.749625] Downloaded staticfile_buildpack (STDOUT, STG)#
#2026 05 20 17:43:01.675#Z#DEBUG#2e5dd6e9-5473-11f1-b19a-eeee0a964b2e.axon-odata-api#flowable-async-job-executor-thread-12441#
[PollStageAppStatusExecution] d92b9203-13f2-4150-992d-a89b2ef18ea4 [2026-05-20T17:42:53.749770] Downloaded sap_java_buildpack_jakarta (STDOUT, STG)#
#2026 05 20 17:43:01.675#Z#DEBUG#2e5dd6e9-5473-11f1-b19a-eeee0a964b2e.axon-odata-api#flowable-async-job-executor-thread-12441#
[PollStageAppStatusExecution] d92b9203-13f2-4150-992d-a89b2ef18ea4 [2026-05-20T17:42:53.750810] Downloaded java_buildpack (STDOUT, STG)#
#2026 05 20 17:43:01.675#Z#DEBUG#2e5dd6e9-5473-11f1-b19a-eeee0a964b2e.axon-odata-api#flowable-async-job-executor-thread-12441#
[PollStageAppStatusExecution] d92b9203-13f2-4150-992d-a89b2ef18ea4 [2026-05-20T17:42:53.773793] Downloaded nginx_buildpack (STDOUT, STG)#
#2026 05 20 17:43:01.675#Z#DEBUG#2e5dd6e9-5473-11f1-b19a-eeee0a964b2e.axon-odata-api#flowable-async-job-executor-thread-12441#
[PollStageAppStatusExecution] d92b9203-13f2-4150-992d-a89b2ef18ea4 [2026-05-20T17:42:53.773891] Cell c839c7b1-088e-41af-b9b7-66256aacd457 creating container for instance 5da26684-ff33-4a65-b80f-847d5d345a2f (STDOUT, STG)#
#2026 05 20 17:43:01.675#Z#DEBUG#2e5dd6e9-5473-11f1-b19a-eeee0a964b2e.axon-odata-api#flowable-async-job-executor-thread-12441#
[PollStageAppStatusExecution] d92b9203-13f2-4150-992d-a89b2ef18ea4 [2026-05-20T17:42:55.034484] Security group rules were updated (STDOUT, STG)#
#2026 05 20 17:43:01.675#Z#DEBUG#2e5dd6e9-5473-11f1-b19a-eeee0a964b2e.axon-odata-api#flowable-async-job-executor-thread-12441#
[PollStageAppStatusExecution] d92b9203-13f2-4150-992d-a89b2ef18ea4 [2026-05-20T17:42:55.147711] Cell c839c7b1-088e-41af-b9b7-66256aacd457 successfully created container for instance 5da26684-ff33-4a65-b80f-847d5d345a2f (STDOUT, STG)#
#2026 05 20 17:43:01.675#Z#DEBUG#2e5dd6e9-5473-11f1-b19a-eeee0a964b2e.axon-odata-api#flowable-async-job-executor-thread-12441#
[PollStageAppStatusExecution] d92b9203-13f2-4150-992d-a89b2ef18ea4 [2026-05-20T17:42:55.638002] Downloading app package... (STDOUT, STG)#
#2026 05 20 17:43:01.675#Z#DEBUG#2e5dd6e9-5473-11f1-b19a-eeee0a964b2e.axon-odata-api#flowable-async-job-executor-thread-12441#
[PollStageAppStatusExecution] d92b9203-13f2-4150-992d-a89b2ef18ea4 [2026-05-20T17:42:55.638542] Downloading build artifacts cache... (STDOUT, STG)#
#2026 05 20 17:43:01.675#Z#DEBUG#2e5dd6e9-5473-11f1-b19a-eeee0a964b2e.axon-odata-api#flowable-async-job-executor-thread-12441#
[PollStageAppStatusExecution] d92b9203-13f2-4150-992d-a89b2ef18ea4 [2026-05-20T17:42:55.755150] Downloaded build artifacts cache (226B) (STDOUT, STG)#
#2026 05 20 17:43:01.675#Z#DEBUG#2e5dd6e9-5473-11f1-b19a-eeee0a964b2e.axon-odata-api#flowable-async-job-executor-thread-12441#
[PollStageAppStatusExecution] d92b9203-13f2-4150-992d-a89b2ef18ea4 [2026-05-20T17:42:58.014960] Downloaded app package (18M) (STDOUT, STG)#
#2026 05 20 17:43:01.675#Z#DEBUG#2e5dd6e9-5473-11f1-b19a-eeee0a964b2e.axon-odata-api#flowable-async-job-executor-thread-12441#
[PollStageAppStatusExecution] d92b9203-13f2-4150-992d-a89b2ef18ea4 [2026-05-20T17:42:59.030139] -----> Nodejs Buildpack version 1.8.44 (STDOUT, STG)#
#2026 05 20 17:43:01.675#Z#DEBUG#2e5dd6e9-5473-11f1-b19a-eeee0a964b2e.axon-odata-api#flowable-async-job-executor-thread-12441#
[PollStageAppStatusExecution] d92b9203-13f2-4150-992d-a89b2ef18ea4 [2026-05-20T17:42:59.764503] -----> Bootstrapping python (STDOUT, STG)#
#2026 05 20 17:43:01.675#Z#DEBUG#2e5dd6e9-5473-11f1-b19a-eeee0a964b2e.axon-odata-api#flowable-async-job-executor-thread-12441#
[PollStageAppStatusExecution] d92b9203-13f2-4150-992d-a89b2ef18ea4 [2026-05-20T17:42:59.764542] -----> Installing python 3.11.14 (STDOUT, STG)#
#2026 05 20 17:43:01.675#Z#DEBUG#2e5dd6e9-5473-11f1-b19a-eeee0a964b2e.axon-odata-api#flowable-async-job-executor-thread-12441#
[PollStageAppStatusExecution] d92b9203-13f2-4150-992d-a89b2ef18ea4 [2026-05-20T17:42:59.764706] Copy [/tmp/buildpacks/978cee5ec9c58000/dependencies/b5e0345ae0ae1932e7d56fffaa49a487/python_3.11.14_linux_x64_cflinuxfs4_66f53248.tgz] (STDOUT, STG)#
#2026 05 20 17:43:11.763#Z#DEBUG#2e5dd6e9-5473-11f1-b19a-eeee0a964b2e.axon-odata-api#flowable-async-job-executor-thread-10802#
[PollStageAppStatusExecution] d92b9203-13f2-4150-992d-a89b2ef18ea4 [2026-05-20T17:43:05.734795] -----> Installing binaries (STDOUT, STG)#
#2026 05 20 17:43:11.763#Z#DEBUG#2e5dd6e9-5473-11f1-b19a-eeee0a964b2e.axon-odata-api#flowable-async-job-executor-thread-10802#
[PollStageAppStatusExecution] d92b9203-13f2-4150-992d-a89b2ef18ea4 [2026-05-20T17:43:05.735263] engines.node (package.json): >=24 (STDOUT, STG)#
#2026 05 20 17:43:11.763#Z#DEBUG#2e5dd6e9-5473-11f1-b19a-eeee0a964b2e.axon-odata-api#flowable-async-job-executor-thread-10802#
[PollStageAppStatusExecution] d92b9203-13f2-4150-992d-a89b2ef18ea4 [2026-05-20T17:43:05.735382] engines.npm (package.json): unspecified (use default) (STDOUT, STG)#
#2026 05 20 17:43:11.763#Z#DEBUG#2e5dd6e9-5473-11f1-b19a-eeee0a964b2e.axon-odata-api#flowable-async-job-executor-thread-10802#
[PollStageAppStatusExecution] d92b9203-13f2-4150-992d-a89b2ef18ea4 [2026-05-20T17:43:05.735401] [31;1m**WARNING**[0m Dangerous semver range (>) in engines.node. See: http://docs.cloudfoundry.org/buildpacks/node/node-tips.html (STDOUT, STG)#
#2026 05 20 17:43:11.763#Z#DEBUG#2e5dd6e9-5473-11f1-b19a-eeee0a964b2e.axon-odata-api#flowable-async-job-executor-thread-10802#
[PollStageAppStatusExecution] d92b9203-13f2-4150-992d-a89b2ef18ea4 [2026-05-20T17:43:05.735518] -----> Installing node 24.13.0 (STDOUT, STG)#
#2026 05 20 17:43:11.763#Z#DEBUG#2e5dd6e9-5473-11f1-b19a-eeee0a964b2e.axon-odata-api#flowable-async-job-executor-thread-10802#
[PollStageAppStatusExecution] d92b9203-13f2-4150-992d-a89b2ef18ea4 [2026-05-20T17:43:05.735912] Copy [/tmp/buildpacks/978cee5ec9c58000/dependencies/2f5692219fecc3eee6e6d507a6bfe7b9/node_24.13.0_linux_x64_cflinuxfs4_a816dee1.tgz] (STDOUT, STG)#
#2026 05 20 17:43:11.763#Z#DEBUG#2e5dd6e9-5473-11f1-b19a-eeee0a964b2e.axon-odata-api#flowable-async-job-executor-thread-10802#
[PollStageAppStatusExecution] d92b9203-13f2-4150-992d-a89b2ef18ea4 [2026-05-20T17:43:08.781894] Using default npm version: 11.6.2 (STDOUT, STG)#
#2026 05 20 17:43:11.763#Z#DEBUG#2e5dd6e9-5473-11f1-b19a-eeee0a964b2e.axon-odata-api#flowable-async-job-executor-thread-10802#
[PollStageAppStatusExecution] d92b9203-13f2-4150-992d-a89b2ef18ea4 [2026-05-20T17:43:08.781929] -----> Installing yarn 1.22.22 (STDOUT, STG)#
#2026 05 20 17:43:11.763#Z#DEBUG#2e5dd6e9-5473-11f1-b19a-eeee0a964b2e.axon-odata-api#flowable-async-job-executor-thread-10802#
[PollStageAppStatusExecution] d92b9203-13f2-4150-992d-a89b2ef18ea4 [2026-05-20T17:43:08.782070] Copy [/tmp/buildpacks/978cee5ec9c58000/dependencies/e3a39aedd1236924d69cc2d0637a8ed2/yarn_1.22.22_linux_noarch_any-stack_4911d0a6.tgz] (STDOUT, STG)#
#2026 05 20 17:43:11.763#Z#DEBUG#2e5dd6e9-5473-11f1-b19a-eeee0a964b2e.axon-odata-api#flowable-async-job-executor-thread-10802#
[PollStageAppStatusExecution] d92b9203-13f2-4150-992d-a89b2ef18ea4 [2026-05-20T17:43:09.162044] Installed yarn 1.22.22 (STDOUT, STG)#
#2026 05 20 17:43:11.763#Z#DEBUG#2e5dd6e9-5473-11f1-b19a-eeee0a964b2e.axon-odata-api#flowable-async-job-executor-thread-10802#
[PollStageAppStatusExecution] d92b9203-13f2-4150-992d-a89b2ef18ea4 [2026-05-20T17:43:09.162148] -----> Creating runtime environment (STDOUT, STG)#
#2026 05 20 17:43:11.763#Z#DEBUG#2e5dd6e9-5473-11f1-b19a-eeee0a964b2e.axon-odata-api#flowable-async-job-executor-thread-10802#
[PollStageAppStatusExecution] d92b9203-13f2-4150-992d-a89b2ef18ea4 [2026-05-20T17:43:09.164195] NODE_ENV=production (STDOUT, STG)#
#2026 05 20 17:43:11.763#Z#DEBUG#2e5dd6e9-5473-11f1-b19a-eeee0a964b2e.axon-odata-api#flowable-async-job-executor-thread-10802#
[PollStageAppStatusExecution] d92b9203-13f2-4150-992d-a89b2ef18ea4 [2026-05-20T17:43:09.164426] NODE_HOME=/tmp/contents3232069640/deps/0/node (STDOUT, STG)#
#2026 05 20 17:43:11.763#Z#DEBUG#2e5dd6e9-5473-11f1-b19a-eeee0a964b2e.axon-odata-api#flowable-async-job-executor-thread-10802#
[PollStageAppStatusExecution] d92b9203-13f2-4150-992d-a89b2ef18ea4 [2026-05-20T17:43:09.164601] NODE_MODULES_CACHE=true (STDOUT, STG)#
#2026 05 20 17:43:11.763#Z#DEBUG#2e5dd6e9-5473-11f1-b19a-eeee0a964b2e.axon-odata-api#flowable-async-job-executor-thread-10802#
[PollStageAppStatusExecution] d92b9203-13f2-4150-992d-a89b2ef18ea4 [2026-05-20T17:43:09.164748] NODE_VERBOSE=false (STDOUT, STG)#
#2026 05 20 17:43:11.763#Z#DEBUG#2e5dd6e9-5473-11f1-b19a-eeee0a964b2e.axon-odata-api#flowable-async-job-executor-thread-10802#
[PollStageAppStatusExecution] d92b9203-13f2-4150-992d-a89b2ef18ea4 [2026-05-20T17:43:09.164890] NPM_CONFIG_LOGLEVEL=error (STDOUT, STG)#
#2026 05 20 17:43:11.763#Z#DEBUG#2e5dd6e9-5473-11f1-b19a-eeee0a964b2e.axon-odata-api#flowable-async-job-executor-thread-10802#
[PollStageAppStatusExecution] d92b9203-13f2-4150-992d-a89b2ef18ea4 [2026-05-20T17:43:09.165029] NPM_CONFIG_PRODUCTION=true (STDOUT, STG)#
#2026 05 20 17:43:11.763#Z#DEBUG#2e5dd6e9-5473-11f1-b19a-eeee0a964b2e.axon-odata-api#flowable-async-job-executor-thread-10802#
[PollStageAppStatusExecution] d92b9203-13f2-4150-992d-a89b2ef18ea4 [2026-05-20T17:43:09.165276] -----> Building dependencies (STDOUT, STG)#
#2026 05 20 17:43:11.763#Z#DEBUG#2e5dd6e9-5473-11f1-b19a-eeee0a964b2e.axon-odata-api#flowable-async-job-executor-thread-10802#
[PollStageAppStatusExecution] d92b9203-13f2-4150-992d-a89b2ef18ea4 [2026-05-20T17:43:09.165427] Prebuild detected (node_modules already exists) (STDOUT, STG)#
#2026 05 20 17:43:11.763#Z#DEBUG#2e5dd6e9-5473-11f1-b19a-eeee0a964b2e.axon-odata-api#flowable-async-job-executor-thread-10802#
[PollStageAppStatusExecution] d92b9203-13f2-4150-992d-a89b2ef18ea4 [2026-05-20T17:43:09.165637] Rebuilding any native modules (STDOUT, STG)#
#2026 05 20 17:43:11.763#Z#DEBUG#2e5dd6e9-5473-11f1-b19a-eeee0a964b2e.axon-odata-api#flowable-async-job-executor-thread-10802#
[PollStageAppStatusExecution] d92b9203-13f2-4150-992d-a89b2ef18ea4 [2026-05-20T17:43:10.699258] rebuilt dependencies successfully (STDOUT, STG)#
#2026 05 20 17:43:11.763#Z#DEBUG#2e5dd6e9-5473-11f1-b19a-eeee0a964b2e.axon-odata-api#flowable-async-job-executor-thread-10802#
[PollStageAppStatusExecution] d92b9203-13f2-4150-992d-a89b2ef18ea4 [2026-05-20T17:43:10.699290] npm notice (STDOUT, STG)#
#2026 05 20 17:43:11.763#Z#DEBUG#2e5dd6e9-5473-11f1-b19a-eeee0a964b2e.axon-odata-api#flowable-async-job-executor-thread-10802#
[PollStageAppStatusExecution] d92b9203-13f2-4150-992d-a89b2ef18ea4 [2026-05-20T17:43:10.699295] npm notice New minor version of npm available! 11.6.2 -> 11.14.1 (STDOUT, STG)#
#2026 05 20 17:43:11.763#Z#DEBUG#2e5dd6e9-5473-11f1-b19a-eeee0a964b2e.axon-odata-api#flowable-async-job-executor-thread-10802#
[PollStageAppStatusExecution] d92b9203-13f2-4150-992d-a89b2ef18ea4 [2026-05-20T17:43:10.699300] npm notice Changelog: https://github.com/npm/cli/releases/tag/v11.14.1 (STDOUT, STG)#
#2026 05 20 17:43:11.763#Z#DEBUG#2e5dd6e9-5473-11f1-b19a-eeee0a964b2e.axon-odata-api#flowable-async-job-executor-thread-10802#
[PollStageAppStatusExecution] d92b9203-13f2-4150-992d-a89b2ef18ea4 [2026-05-20T17:43:10.699308] npm notice To update run: npm install -g npm@11.14.1 (STDOUT, STG)#
#2026 05 20 17:43:11.763#Z#DEBUG#2e5dd6e9-5473-11f1-b19a-eeee0a964b2e.axon-odata-api#flowable-async-job-executor-thread-10802#
[PollStageAppStatusExecution] d92b9203-13f2-4150-992d-a89b2ef18ea4 [2026-05-20T17:43:10.699320] npm notice (STDOUT, STG)#
#2026 05 20 17:43:11.763#Z#DEBUG#2e5dd6e9-5473-11f1-b19a-eeee0a964b2e.axon-odata-api#flowable-async-job-executor-thread-10802#
[PollStageAppStatusExecution] d92b9203-13f2-4150-992d-a89b2ef18ea4 [2026-05-20T17:43:10.780863] Installing any new modules (package.json + package-lock.json) (STDOUT, STG)#
#2026 05 20 17:43:21.896#Z#DEBUG#2e5dd6e9-5473-11f1-b19a-eeee0a964b2e.axon-odata-api#flowable-async-job-executor-thread-12453#
[PollStageAppStatusExecution] d92b9203-13f2-4150-992d-a89b2ef18ea4 [2026-05-20T17:43:11.827040] up to date in 957ms (STDOUT, STG)#
#2026 05 20 17:43:21.896#Z#DEBUG#2e5dd6e9-5473-11f1-b19a-eeee0a964b2e.axon-odata-api#flowable-async-job-executor-thread-12453#
[PollStageAppStatusExecution] d92b9203-13f2-4150-992d-a89b2ef18ea4 [2026-05-20T17:43:11.827331] 39 packages are looking for funding (STDOUT, STG)#
#2026 05 20 17:43:21.896#Z#DEBUG#2e5dd6e9-5473-11f1-b19a-eeee0a964b2e.axon-odata-api#flowable-async-job-executor-thread-12453#
[PollStageAppStatusExecution] d92b9203-13f2-4150-992d-a89b2ef18ea4 [2026-05-20T17:43:11.827436] run `npm fund` for details (STDOUT, STG)#
#2026 05 20 17:43:21.896#Z#DEBUG#2e5dd6e9-5473-11f1-b19a-eeee0a964b2e.axon-odata-api#flowable-async-job-executor-thread-12453#
[PollStageAppStatusExecution] d92b9203-13f2-4150-992d-a89b2ef18ea4 [2026-05-20T17:43:13.139350] Contrast Security no credentials found. Will not write environment files. (STDOUT, STG)#
#2026 05 20 17:43:31.837#Z#DEBUG#2e5dd6e9-5473-11f1-b19a-eeee0a964b2e.axon-odata-api#flowable-async-job-executor-thread-12464#
[PollStageAppStatusExecution] d92b9203-13f2-4150-992d-a89b2ef18ea4 [2026-05-20T17:43:27.277888] Exit status 0 (STDOUT, STG)#
#2026 05 20 17:43:31.837#Z#DEBUG#2e5dd6e9-5473-11f1-b19a-eeee0a964b2e.axon-odata-api#flowable-async-job-executor-thread-12464#
[PollStageAppStatusExecution] d92b9203-13f2-4150-992d-a89b2ef18ea4 [2026-05-20T17:43:27.277950] Uploading droplet, build artifacts cache... (STDOUT, STG)#
#2026 05 20 17:43:31.837#Z#DEBUG#2e5dd6e9-5473-11f1-b19a-eeee0a964b2e.axon-odata-api#flowable-async-job-executor-thread-12464#
[PollStageAppStatusExecution] d92b9203-13f2-4150-992d-a89b2ef18ea4 [2026-05-20T17:43:27.277992] Uploading droplet... (STDOUT, STG)#
#2026 05 20 17:43:31.837#Z#DEBUG#2e5dd6e9-5473-11f1-b19a-eeee0a964b2e.axon-odata-api#flowable-async-job-executor-thread-12464#
[PollStageAppStatusExecution] d92b9203-13f2-4150-992d-a89b2ef18ea4 [2026-05-20T17:43:27.278161] Uploading build artifacts cache... (STDOUT, STG)#
#2026 05 20 17:43:31.837#Z#DEBUG#2e5dd6e9-5473-11f1-b19a-eeee0a964b2e.axon-odata-api#flowable-async-job-executor-thread-12464#
[PollStageAppStatusExecution] d92b9203-13f2-4150-992d-a89b2ef18ea4 [2026-05-20T17:43:27.314092] Uploaded build artifacts cache (227B) (STDOUT, STG)#
#2026 05 20 17:43:31.837#Z#DEBUG#2e5dd6e9-5473-11f1-b19a-eeee0a964b2e.axon-odata-api#flowable-async-job-executor-thread-12464#
[PollStageAppStatusExecution] d92b9203-13f2-4150-992d-a89b2ef18ea4 [2026-05-20T17:43:28.189493] Creating droplet for app with guid d92b9203-13f2-4150-992d-a89b2ef18ea4 (STDOUT, API)#
#2026 05 20 17:43:41.940#Z#DEBUG#2e5dd6e9-5473-11f1-b19a-eeee0a964b2e.axon-odata-api#flowable-async-job-executor-thread-10818#
[PollStageAppStatusExecution] d92b9203-13f2-4150-992d-a89b2ef18ea4 [2026-05-20T17:43:33.267971] Uploaded droplet (71.8M) (STDOUT, STG)#
#2026 05 20 17:43:41.940#Z#DEBUG#2e5dd6e9-5473-11f1-b19a-eeee0a964b2e.axon-odata-api#flowable-async-job-executor-thread-10818#
[PollStageAppStatusExecution] d92b9203-13f2-4150-992d-a89b2ef18ea4 [2026-05-20T17:43:33.298348] Uploading complete (STDOUT, STG)#
#2026 05 20 17:43:41.940#Z#DEBUG#2e5dd6e9-5473-11f1-b19a-eeee0a964b2e.axon-odata-api#flowable-async-job-executor-thread-10818#
[PollStageAppStatusExecution] d92b9203-13f2-4150-992d-a89b2ef18ea4 [2026-05-20T17:43:33.921806] Cell c839c7b1-088e-41af-b9b7-66256aacd457 stopping instance 5da26684-ff33-4a65-b80f-847d5d345a2f (STDOUT, STG)#
#2026 05 20 17:43:41.940#Z#DEBUG#2e5dd6e9-5473-11f1-b19a-eeee0a964b2e.axon-odata-api#flowable-async-job-executor-thread-10818#
[PollStageAppStatusExecution] d92b9203-13f2-4150-992d-a89b2ef18ea4 [2026-05-20T17:43:33.921865] Cell c839c7b1-088e-41af-b9b7-66256aacd457 destroying container for instance 5da26684-ff33-4a65-b80f-847d5d345a2f (STDOUT, STG)#
#2026 05 20 17:43:41.940#Z#DEBUG#2e5dd6e9-5473-11f1-b19a-eeee0a964b2e.axon-odata-api#flowable-async-job-executor-thread-10818#
[PollStageAppStatusExecution] d92b9203-13f2-4150-992d-a89b2ef18ea4 [2026-05-20T17:43:33.969915] Staging complete for build 5da26684-ff33-4a65-b80f-847d5d345a2f (STDOUT, API)#
#2026 05 20 17:43:41.940#Z#DEBUG#2e5dd6e9-5473-11f1-b19a-eeee0a964b2e.axon-odata-api#flowable-async-job-executor-thread-10818#
[PollStageAppStatusExecution] d92b9203-13f2-4150-992d-a89b2ef18ea4 [2026-05-20T17:43:37.624969] Cell c839c7b1-088e-41af-b9b7-66256aacd457 successfully destroyed container for instance 5da26684-ff33-4a65-b80f-847d5d345a2f (STDOUT, STG)#
#2026 05 20 17:43:52.036#Z#DEBUG#2e5dd6e9-5473-11f1-b19a-eeee0a964b2e.axon-odata-api#flowable-async-job-executor-thread-10821#
[PollStartAppStatusExecution] d92b9203-13f2-4150-992d-a89b2ef18ea4 [2026-05-20T17:43:42.016818] Updated app with guid d92b9203-13f2-4150-992d-a89b2ef18ea4 ({:droplet_guid=>"503db41a-94dc-4815-9c53-43291db21c00"}) (STDOUT, API)#
#2026 05 20 17:43:52.036#Z#DEBUG#2e5dd6e9-5473-11f1-b19a-eeee0a964b2e.axon-odata-api#flowable-async-job-executor-thread-10821#
[PollStartAppStatusExecution] d92b9203-13f2-4150-992d-a89b2ef18ea4 [2026-05-20T17:43:42.319698] Creating revision for app with guid d92b9203-13f2-4150-992d-a89b2ef18ea4 (STDOUT, API)#
#2026 05 20 17:43:52.036#Z#DEBUG#2e5dd6e9-5473-11f1-b19a-eeee0a964b2e.axon-odata-api#flowable-async-job-executor-thread-10821#
[PollStartAppStatusExecution] d92b9203-13f2-4150-992d-a89b2ef18ea4 [2026-05-20T17:43:42.367639] Starting app with guid d92b9203-13f2-4150-992d-a89b2ef18ea4 (STDOUT, API)#
#2026 05 20 17:43:52.036#Z#DEBUG#2e5dd6e9-5473-11f1-b19a-eeee0a964b2e.axon-odata-api#flowable-async-job-executor-thread-10821#
[PollStartAppStatusExecution] d92b9203-13f2-4150-992d-a89b2ef18ea4 [2026-05-20T17:43:42.685925] Cell 684caff8-89cd-492b-be01-b3d0835f1763 creating container for instance 9a73257b-3d96-4f3a-6533-5090 (STDOUT, CELL)#
#2026 05 20 17:43:52.036#Z#DEBUG#2e5dd6e9-5473-11f1-b19a-eeee0a964b2e.axon-odata-api#flowable-async-job-executor-thread-10821#
[PollStartAppStatusExecution] d92b9203-13f2-4150-992d-a89b2ef18ea4 [2026-05-20T17:43:43.792953] Security group rules were updated (STDOUT, CELL)#
#2026 05 20 17:43:52.036#Z#DEBUG#2e5dd6e9-5473-11f1-b19a-eeee0a964b2e.axon-odata-api#flowable-async-job-executor-thread-10821#
[PollStartAppStatusExecution] d92b9203-13f2-4150-992d-a89b2ef18ea4 [2026-05-20T17:43:43.903104] Cell 684caff8-89cd-492b-be01-b3d0835f1763 successfully created container for instance 9a73257b-3d96-4f3a-6533-5090 (STDOUT, CELL)#
#2026 05 20 17:43:52.036#Z#DEBUG#2e5dd6e9-5473-11f1-b19a-eeee0a964b2e.axon-odata-api#flowable-async-job-executor-thread-10821#
[PollStartAppStatusExecution] d92b9203-13f2-4150-992d-a89b2ef18ea4 [2026-05-20T17:43:44.525858] Downloading droplet... (STDOUT, CELL)#
#2026 05 20 17:43:52.036#Z#DEBUG#2e5dd6e9-5473-11f1-b19a-eeee0a964b2e.axon-odata-api#flowable-async-job-executor-thread-10821#
[PollStartAppStatusExecution] d92b9203-13f2-4150-992d-a89b2ef18ea4 [2026-05-20T17:43:50.874708] Downloaded droplet (71.8M) (STDOUT, CELL)#
#2026 05 20 17:43:52.036#Z#DEBUG#2e5dd6e9-5473-11f1-b19a-eeee0a964b2e.axon-odata-api#flowable-async-job-executor-thread-10821#
[PollStartAppStatusExecution] d92b9203-13f2-4150-992d-a89b2ef18ea4 [2026-05-20T17:43:50.874842] Starting health monitoring of container (STDOUT, CELL)#
#2026 05 20 17:43:52.036#Z#DEBUG#2e5dd6e9-5473-11f1-b19a-eeee0a964b2e.axon-odata-api#flowable-async-job-executor-thread-10821#
[PollStartAppStatusExecution] d92b9203-13f2-4150-992d-a89b2ef18ea4 [2026-05-20T17:43:51.058310] Invoking pre-start scripts. (STDOUT, APP/PROC/WEB)#
#2026 05 20 17:43:52.036#Z#DEBUG#2e5dd6e9-5473-11f1-b19a-eeee0a964b2e.axon-odata-api#flowable-async-job-executor-thread-10821#
[PollStartAppStatusExecution] d92b9203-13f2-4150-992d-a89b2ef18ea4 [2026-05-20T17:43:51.323298] Invoking start command. (STDOUT, APP/PROC/WEB)#
#2026 05 20 17:43:52.036#Z#DEBUG#2e5dd6e9-5473-11f1-b19a-eeee0a964b2e.axon-odata-api#flowable-async-job-executor-thread-10821#
[PollStartAppStatusExecution] d92b9203-13f2-4150-992d-a89b2ef18ea4 [2026-05-20T17:43:51.403070] Deploying with options: { kind: 'sqlite', dialect: 'sqlite' } { to: 'sqlite' } (STDOUT, APP/PROC/WEB)#
#2026 05 20 17:44:02.077#Z#DEBUG#2e5dd6e9-5473-11f1-b19a-eeee0a964b2e.axon-odata-api#flowable-async-job-executor-thread-10827#
[PollStartAppStatusExecution] d92b9203-13f2-4150-992d-a89b2ef18ea4 [2026-05-20T17:43:52.188154] > init from db/data/axon.warehouse-Suppliers.csv (STDOUT, APP/PROC/WEB)#
#2026 05 20 17:44:02.077#Z#DEBUG#2e5dd6e9-5473-11f1-b19a-eeee0a964b2e.axon-odata-api#flowable-async-job-executor-thread-10827#
[PollStartAppStatusExecution] d92b9203-13f2-4150-992d-a89b2ef18ea4 [2026-05-20T17:43:52.201461] > init from db/data/axon.warehouse-StockLevels.csv (STDOUT, APP/PROC/WEB)#
#2026 05 20 17:44:02.077#Z#DEBUG#2e5dd6e9-5473-11f1-b19a-eeee0a964b2e.axon-odata-api#flowable-async-job-executor-thread-10827#
[PollStartAppStatusExecution] d92b9203-13f2-4150-992d-a89b2ef18ea4 [2026-05-20T17:43:52.203963] > init from db/data/axon.warehouse-PurchaseOrders.csv (STDOUT, APP/PROC/WEB)#
#2026 05 20 17:44:02.077#Z#DEBUG#2e5dd6e9-5473-11f1-b19a-eeee0a964b2e.axon-odata-api#flowable-async-job-executor-thread-10827#
[PollStartAppStatusExecution] d92b9203-13f2-4150-992d-a89b2ef18ea4 [2026-05-20T17:43:52.205197] > init from db/data/axon.warehouse-Products.csv (STDOUT, APP/PROC/WEB)#
#2026 05 20 17:44:02.077#Z#DEBUG#2e5dd6e9-5473-11f1-b19a-eeee0a964b2e.axon-odata-api#flowable-async-job-executor-thread-10827#
[PollStartAppStatusExecution] d92b9203-13f2-4150-992d-a89b2ef18ea4 [2026-05-20T17:43:52.218608] > init from db/data/axon.warehouse-Invoices.csv (STDOUT, APP/PROC/WEB)#
#2026 05 20 17:44:02.077#Z#DEBUG#2e5dd6e9-5473-11f1-b19a-eeee0a964b2e.axon-odata-api#flowable-async-job-executor-thread-10827#
[PollStartAppStatusExecution] d92b9203-13f2-4150-992d-a89b2ef18ea4 [2026-05-20T17:43:52.220096] > init from db/data/axon.warehouse-InvoiceItems.csv (STDOUT, APP/PROC/WEB)#
#2026 05 20 17:44:02.077#Z#DEBUG#2e5dd6e9-5473-11f1-b19a-eeee0a964b2e.axon-odata-api#flowable-async-job-executor-thread-10827#
[PollStartAppStatusExecution] d92b9203-13f2-4150-992d-a89b2ef18ea4 [2026-05-20T17:43:52.221286] > init from db/data/axon.warehouse-A_BusinessPartnerRole.csv (STDOUT, APP/PROC/WEB)#
#2026 05 20 17:44:02.077#Z#DEBUG#2e5dd6e9-5473-11f1-b19a-eeee0a964b2e.axon-odata-api#flowable-async-job-executor-thread-10827#
[PollStartAppStatusExecution] d92b9203-13f2-4150-992d-a89b2ef18ea4 [2026-05-20T17:43:52.222435] > init from db/data/axon.warehouse-A_BusinessPartnerAddress.csv (STDOUT, APP/PROC/WEB)#
#2026 05 20 17:44:02.077#Z#DEBUG#2e5dd6e9-5473-11f1-b19a-eeee0a964b2e.axon-odata-api#flowable-async-job-executor-thread-10827#
[PollStartAppStatusExecution] d92b9203-13f2-4150-992d-a89b2ef18ea4 [2026-05-20T17:43:52.225158] > init from db/data/axon.warehouse-A_BusinessPartner.csv (STDOUT, APP/PROC/WEB)#
#2026 05 20 17:44:02.077#Z#DEBUG#2e5dd6e9-5473-11f1-b19a-eeee0a964b2e.axon-odata-api#flowable-async-job-executor-thread-10827#
[PollStartAppStatusExecution] d92b9203-13f2-4150-992d-a89b2ef18ea4 [2026-05-20T17:43:52.237100] /> successfully deployed to db.sqlite (STDOUT, APP/PROC/WEB)#
#2026 05 20 17:44:02.077#Z#DEBUG#2e5dd6e9-5473-11f1-b19a-eeee0a964b2e.axon-odata-api#flowable-async-job-executor-thread-10827#
[PollStartAppStatusExecution] d92b9203-13f2-4150-992d-a89b2ef18ea4 [2026-05-20T17:43:52.759147] > axon-erp-api@1.0.0 start (STDOUT, APP/PROC/WEB)#
#2026 05 20 17:44:02.077#Z#DEBUG#2e5dd6e9-5473-11f1-b19a-eeee0a964b2e.axon-odata-api#flowable-async-job-executor-thread-10827#
[PollStartAppStatusExecution] d92b9203-13f2-4150-992d-a89b2ef18ea4 [2026-05-20T17:43:52.759174] > cds-serve (STDOUT, APP/PROC/WEB)#
#2026 05 20 17:44:02.077#Z#DEBUG#2e5dd6e9-5473-11f1-b19a-eeee0a964b2e.axon-odata-api#flowable-async-job-executor-thread-10827#
[PollStartAppStatusExecution] d92b9203-13f2-4150-992d-a89b2ef18ea4 [2026-05-20T17:43:53.131595] {"level":"info","logger":"cds","timestamp":"2026-05-20T17:43:53.130Z","layer":"cds","component_type":"application","container_id":"10.32.1.6","component_id":"d92b9203-13f2-4150-992d-a89b2ef18ea4","component_name":"axon-odata-api","component_instance":0,"source_instance":0,"organization_name":"590c8b3dtrial_590c8b3dtrial","organization_id":"88230758-1103-4d78-aabf-593fe928b154","space_name":"dev","space_id":"46c5c819-922f-41a0-b344-dcdeaecd2987","msg":"loaded model from 1 file(s):\n ","type":"log"} (STDOUT, APP/PROC/WEB)#
#2026 05 20 17:44:02.077#Z#DEBUG#2e5dd6e9-5473-11f1-b19a-eeee0a964b2e.axon-odata-api#flowable-async-job-executor-thread-10827#
[PollStartAppStatusExecution] d92b9203-13f2-4150-992d-a89b2ef18ea4 [2026-05-20T17:43:53.132027] srv/csn.json (STDOUT, APP/PROC/WEB)#
#2026 05 20 17:44:02.077#Z#DEBUG#2e5dd6e9-5473-11f1-b19a-eeee0a964b2e.axon-odata-api#flowable-async-job-executor-thread-10827#
[PollStartAppStatusExecution] d92b9203-13f2-4150-992d-a89b2ef18ea4 [2026-05-20T17:43:53.406095] {"level":"info","logger":"cds","timestamp":"2026-05-20T17:43:53.405Z","layer":"cds","component_type":"application","container_id":"10.32.1.6","component_id":"d92b9203-13f2-4150-992d-a89b2ef18ea4","component_name":"axon-odata-api","component_instance":0,"source_instance":0,"organization_name":"590c8b3dtrial_590c8b3dtrial","organization_id":"88230758-1103-4d78-aabf-593fe928b154","space_name":"dev","space_id":"46c5c819-922f-41a0-b344-dcdeaecd2987","msg":"connect to db > sqlite { url: 'axon-odata-api.db' }","type":"log"} (STDOUT, APP/PROC/WEB)#
#2026 05 20 17:44:02.077#Z#DEBUG#2e5dd6e9-5473-11f1-b19a-eeee0a964b2e.axon-odata-api#flowable-async-job-executor-thread-10827#
[PollStartAppStatusExecution] d92b9203-13f2-4150-992d-a89b2ef18ea4 [2026-05-20T17:43:53.501629] {"level":"info","logger":"cds","timestamp":"2026-05-20T17:43:53.500Z","layer":"cds","component_type":"application","container_id":"10.32.1.6","component_id":"d92b9203-13f2-4150-992d-a89b2ef18ea4","component_name":"axon-odata-api","component_instance":0,"source_instance":0,"organization_name":"590c8b3dtrial_590c8b3dtrial","organization_id":"88230758-1103-4d78-aabf-593fe928b154","space_name":"dev","space_id":"46c5c819-922f-41a0-b344-dcdeaecd2987","msg":"using auth strategy { kind: 'xsuaa' }","type":"log"} (STDOUT, APP/PROC/WEB)#
#2026 05 20 17:44:02.077#Z#DEBUG#2e5dd6e9-5473-11f1-b19a-eeee0a964b2e.axon-odata-api#flowable-async-job-executor-thread-10827#
[PollStartAppStatusExecution] d92b9203-13f2-4150-992d-a89b2ef18ea4 [2026-05-20T17:43:53.571637] {"level":"info","logger":"cds","timestamp":"2026-05-20T17:43:53.571Z","layer":"cds","component_type":"application","container_id":"10.32.1.6","component_id":"d92b9203-13f2-4150-992d-a89b2ef18ea4","component_name":"axon-odata-api","component_instance":0,"source_instance":0,"organization_name":"590c8b3dtrial_590c8b3dtrial","organization_id":"88230758-1103-4d78-aabf-593fe928b154","space_name":"dev","space_id":"46c5c819-922f-41a0-b344-dcdeaecd2987","msg":"serving WarehouseService {\n  at: [ '/odata/v4/warehouse' ],\n  decl: 'srv/csn.json:988',\n  impl: 'srv/warehouse-service.js'\n}","type":"log"} (STDOUT, APP/PROC/WEB)#
#2026 05 20 17:44:02.077#Z#DEBUG#2e5dd6e9-5473-11f1-b19a-eeee0a964b2e.axon-odata-api#flowable-async-job-executor-thread-10827#
[PollStartAppStatusExecution] d92b9203-13f2-4150-992d-a89b2ef18ea4 [2026-05-20T17:43:53.582735] {"level":"info","logger":"cds","timestamp":"2026-05-20T17:43:53.582Z","layer":"cds","component_type":"application","container_id":"10.32.1.6","component_id":"d92b9203-13f2-4150-992d-a89b2ef18ea4","component_name":"axon-odata-api","component_instance":0,"source_instance":0,"organization_name":"590c8b3dtrial_590c8b3dtrial","organization_id":"88230758-1103-4d78-aabf-593fe928b154","space_name":"dev","space_id":"46c5c819-922f-41a0-b344-dcdeaecd2987","msg":"server listening on { url: 'http://localhost:8080' }","type":"log"} (STDOUT, APP/PROC/WEB)#
#2026 05 20 17:44:02.077#Z#DEBUG#2e5dd6e9-5473-11f1-b19a-eeee0a964b2e.axon-odata-api#flowable-async-job-executor-thread-10827#
[PollStartAppStatusExecution] d92b9203-13f2-4150-992d-a89b2ef18ea4 [2026-05-20T17:43:53.583916] {"level":"info","logger":"cds","timestamp":"2026-05-20T17:43:53.583Z","layer":"cds","component_type":"application","container_id":"10.32.1.6","component_id":"d92b9203-13f2-4150-992d-a89b2ef18ea4","component_name":"axon-odata-api","component_instance":0,"source_instance":0,"organization_name":"590c8b3dtrial_590c8b3dtrial","organization_id":"88230758-1103-4d78-aabf-593fe928b154","space_name":"dev","space_id":"46c5c819-922f-41a0-b344-dcdeaecd2987","msg":"server v9.9.1 launched in 812 ms","type":"log"} (STDOUT, APP/PROC/WEB)#
#2026 05 20 17:44:02.077#Z#DEBUG#2e5dd6e9-5473-11f1-b19a-eeee0a964b2e.axon-odata-api#flowable-async-job-executor-thread-10827#
[PollStartAppStatusExecution] d92b9203-13f2-4150-992d-a89b2ef18ea4 [2026-05-20T17:43:55.406073] Container became healthy (STDOUT, CELL)#
#2026 05 20 17:44:02.077#Z#DEBUG#2e5dd6e9-5473-11f1-b19a-eeee0a964b2e.axon-odata-api#flowable-async-job-executor-thread-10827#
[PollStartAppStatusExecution] d92b9203-13f2-4150-992d-a89b2ef18ea4 [2026-05-20T17:43:55.433558] Process became ready with guid d92b9203-13f2-4150-992d-a89b2ef18ea4 payload: {"instance"=>"9a73257b-3d96-4f3a-6533-5090", "index"=>0, "cell_id"=>"684caff8-89cd-492b-be01-b3d0835f1763", "ready"=>true, "version"=>"daee25ec-e18a-4ed9-9f3c-22426c80aa70"} (STDOUT, API)#
#2026 05 20 17:44:02.077#Z#DEBUG#2e5dd6e9-5473-11f1-b19a-eeee0a964b2e.axon-odata-api#flowable-async-job-executor-thread-10827#
[PollStartAppStatusExecution] d92b9203-13f2-4150-992d-a89b2ef18ea4 [2026-05-20T17:43:58.503592] Cell 77283d80-dfa7-40ba-ba4e-265aef112085 destroying container for instance 3cdc7a4b-72ca-4105-788d-4df3 (STDOUT, CELL)#
#2026 05 20 17:44:02.077#Z#DEBUG#2e5dd6e9-5473-11f1-b19a-eeee0a964b2e.axon-odata-api#flowable-async-job-executor-thread-10827#
[PollStartAppStatusExecution] d92b9203-13f2-4150-992d-a89b2ef18ea4 [2026-05-20T17:43:58.821398] Exit status 137 (STDOUT, PROXY)#
#2026 05 20 17:44:02.077#Z#DEBUG#2e5dd6e9-5473-11f1-b19a-eeee0a964b2e.axon-odata-api#flowable-async-job-executor-thread-10827#
[PollStartAppStatusExecution] d92b9203-13f2-4150-992d-a89b2ef18ea4 [2026-05-20T17:44:01.422987] Cell 77283d80-dfa7-40ba-ba4e-265aef112085 successfully destroyed container for instance 3cdc7a4b-72ca-4105-788d-4df3 (STDOUT, CELL)#
